ARM Linker, RVCT4.0 [Build 728] [Standard]

==============================================================================

Section Cross References

    main.o(i.DrvSYS_Delay) refers to system_m051series.o(.data) for CyclesPerUs
    main.o(i.SYS_Init) refers to clk.o(i.CLK_WaitClockReady) for CLK_WaitClockReady
    main.o(i.SYS_Init) refers to system_m051series.o(i.SystemCoreClockUpdate) for SystemCoreClockUpdate
    main.o(i.UART0_Init) refers to sys.o(i.SYS_ResetModule) for SYS_ResetModule
    main.o(i.UART0_Init) refers to uart.o(i.UART_Open) for UART_Open
    main.o(i.main) refers to main.o(i.SYS_Init) for SYS_Init
    main.o(i.main) refers to blux_v30b.o(i.InitBLUX_V30) for InitBLUX_V30
    main.o(i.main) refers to realyctrl.o(i.HWRealyInit) for HWRealyInit
    main.o(i.main) refers to uart3th.o(i.Co2Init) for Co2Init
    main.o(i.main) refers to fmc_data_flash.o(i.InitSlaveAddr) for InitSlaveAddr
    main.o(i.main) refers to si4432.o(i.initsi4432) for initsi4432
    main.o(i.main) refers to si4432.o(i.rx_data) for rx_data
    main.o(i.main) refers to loramain.o(i.loraInit) for loraInit
    main.o(i.main) refers to mb.o(i.eMBInit) for eMBInit
    main.o(i.main) refers to mb.o(i.eMBEnable) for eMBEnable
    main.o(i.main) refers to mb.o(i.eMBPoll) for eMBPoll
    main.o(i.main) refers to uart3th.o(i.Co2EventPoll) for Co2EventPoll
    main.o(i.main) refers to uart3th.o(i.Co2SendCmd) for Co2SendCmd
    main.o(i.main) refers to blux_v30b.o(i.Blux_v3bPoll) for Blux_v3bPoll
    main.o(i.main) refers to fmc_data_flash.o(i.SlaveAddrPoll) for SlaveAddrPoll
    main.o(i.main) refers to si4432.o(i.Si4432Thread) for Si4432Thread
    main.o(i.main) refers to loramain.o(i.loramain) for loramain
    main.o(i.main) refers to main.o(.data) for SlaveAddr
    portevent.o(i.xMBPortEventGet) refers to portevent.o(.data) for .data
    portevent.o(i.xMBPortEventInit) refers to portevent.o(.data) for .data
    portevent.o(i.xMBPortEventPost) refers to portevent.o(.data) for .data
    portserial.o(i.UART0_IRQHandler) refers to portserial.o(i.prvvUARTRxISR) for prvvUARTRxISR
    portserial.o(i.UART0_IRQHandler) refers to portserial.o(i.prvvUARTTxReadyISR) for prvvUARTTxReadyISR
    portserial.o(i.prvvUARTRxISR) refers to mb.o(.data) for pxMBFrameCBByteReceived
    portserial.o(i.prvvUARTTxReadyISR) refers to mb.o(.data) for pxMBFrameCBTransmitterEmpty
    portserial.o(i.xMBPortSerialInit) refers to sys.o(i.SYS_ResetModule) for SYS_ResetModule
    portserial.o(i.xMBPortSerialInit) refers to clk.o(i.CLK_SetModuleClock) for CLK_SetModuleClock
    portserial.o(i.xMBPortSerialInit) refers to clk.o(i.CLK_EnableModuleClock) for CLK_EnableModuleClock
    portserial.o(i.xMBPortSerialInit) refers to uart.o(i.UART_Open) for UART_Open
    portserial.o(i.xMBPortSerialInit) refers to port.o(i.EnterCriticalSection) for EnterCriticalSection
    portserial.o(i.xMBPortSerialInit) refers to portserial.o(i.NVIC_SetPriority) for NVIC_SetPriority
    portserial.o(i.xMBPortSerialInit) refers to port.o(i.ExitCriticalSection) for ExitCriticalSection
    porttimer.o(i.TMR1_IRQHandler) refers to porttimer.o(i.prvvTIMERExpiredISR) for prvvTIMERExpiredISR
    porttimer.o(i.TMR1_IRQHandler) refers to porttimer.o(.data) for Timehandel
    porttimer.o(i.prvvTIMERExpiredISR) refers to mb.o(.data) for pxMBPortCBTimerExpired
    porttimer.o(i.vMBPortTimersDisable) refers to porttimer.o(.data) for Timehandel
    porttimer.o(i.vMBPortTimersEnable) refers to porttimer.o(i.TIMER_EnableInt) for TIMER_EnableInt
    porttimer.o(i.vMBPortTimersEnable) refers to porttimer.o(i.NVIC_EnableIRQ) for NVIC_EnableIRQ
    porttimer.o(i.vMBPortTimersEnable) refers to porttimer.o(i.TIMER_Start) for TIMER_Start
    porttimer.o(i.vMBPortTimersEnable) refers to porttimer.o(.data) for Timehandel
    porttimer.o(i.xMBPortTimersInit) refers to timer.o(i.TIMER_Open) for TIMER_Open
    porttimer.o(i.xMBPortTimersInit) refers to porttimer.o(i.TIMER_EnableInt) for TIMER_EnableInt
    porttimer.o(i.xMBPortTimersInit) refers to porttimer.o(i.NVIC_SetPriority) for NVIC_SetPriority
    porttimer.o(i.xMBPortTimersInit) refers to porttimer.o(i.NVIC_EnableIRQ) for NVIC_EnableIRQ
    porttimer.o(i.xMBPortTimersInit) refers to porttimer.o(i.TIMER_Start) for TIMER_Start
    porttimer.o(i.xMBPortTimersInit) refers to porttimer.o(.data) for .data
    user_mb_app.o(i.eMBRegCoilsCB) refers to user_mb_app.o(i.xMBMasterGetCBRunInMasterMode) for xMBMasterGetCBRunInMasterMode
    user_mb_app.o(i.eMBRegCoilsCB) refers to user_mb_app.o(i.ucMBMasterGetDestAddress) for ucMBMasterGetDestAddress
    user_mb_app.o(i.eMBRegCoilsCB) refers to mbutils.o(i.xMBUtilGetBits) for xMBUtilGetBits
    user_mb_app.o(i.eMBRegCoilsCB) refers to mbutils.o(i.xMBUtilSetBits) for xMBUtilSetBits
    user_mb_app.o(i.eMBRegCoilsCB) refers to user_mb_app.o(.bss) for ucMCoilBuf
    user_mb_app.o(i.eMBRegCoilsCB) refers to user_mb_app.o(.data) for usMCoilStart
[...]
    i.ProcesMyselfFun                        0x0000135c   Section        0  si4432.o(i.ProcesMyselfFun)
    i.RE_RSSI                                0x000013e8   Section        0  si4432.o(i.RE_RSSI)
    i.RadioDriverInit                        0x00001400   Section        0  radio.o(i.RadioDriverInit)
    i.SI4432_init                            0x0000143c   Section        0  si4432.o(i.SI4432_init)
    i.SX1276FskGetPacketPayloadSize          0x00001498   Section        0  sx1276-fsk.o(i.SX1276FskGetPacketPayloadSize)
    i.SX1276FskGetRxPacket                   0x000014fc   Section        0  sx1276-fsk.o(i.SX1276FskGetRxPacket)
    i.SX1276FskProcess                       0x00001524   Section        0  sx1276-fsk.o(i.SX1276FskProcess)
    i.SX1276FskReadAfc                       0x00001ba0   Section        0  sx1276-fsk.o(i.SX1276FskReadAfc)
    i.SX1276FskReadRssi                      0x00001bfc   Section        0  sx1276-fsk.o(i.SX1276FskReadRssi)
    i.SX1276FskReadRxGain                    0x00001c4c   Section        0  sx1276-fsk.o(i.SX1276FskReadRxGain)
    i.SX1276FskSetOpMode                     0x00001c68   Section        0  sx1276-fsk.o(i.SX1276FskSetOpMode)
    i.SX1276FskSetRFState                    0x00001ccc   Section        0  sx1276-fsk.o(i.SX1276FskSetRFState)
    i.SX1276FskSetTxPacket                   0x00001cd8   Section        0  sx1276-fsk.o(i.SX1276FskSetTxPacket)
    i.SX1276GetRxPacket                      0x00001d00   Section        0  sx1276.o(i.SX1276GetRxPacket)
    i.SX1276Init                             0x00001d28   Section        0  sx1276.o(i.SX1276Init)
    i.SX1276InitIo                           0x00001d60   Section        0  sx1276-hal.o(i.SX1276InitIo)
    i.SX1276LoRaGetRxPacket                  0x00001d8c   Section        0  sx1276-lora.o(i.SX1276LoRaGetRxPacket)
    i.SX1276LoRaInit                         0x00001db4   Section        0  sx1276-lora.o(i.SX1276LoRaInit)
    i.SX1276LoRaProcess                      0x00001e80   Section        0  sx1276-lora.o(i.SX1276LoRaProcess)
    i.SX1276LoRaReadRxGain                   0x00002514   Section        0  sx1276-lora.o(i.SX1276LoRaReadRxGain)
    i.SX1276LoRaSetDefaults                  0x00002530   Section        0  sx1276-lora.o(i.SX1276LoRaSetDefaults)
    i.SX1276LoRaSetErrorCoding               0x00002544   Section        0  sx1276-loramisc.o(i.SX1276LoRaSetErrorCoding)
    i.SX1276LoRaSetImplicitHeaderOn          0x00002584   Section        0  sx1276-loramisc.o(i.SX1276LoRaSetImplicitHeaderOn)
    i.SX1276LoRaSetLowDatarateOptimize       0x000025c0   Section        0  sx1276-loramisc.o(i.SX1276LoRaSetLowDatarateOptimize)
    i.SX1276LoRaSetNbTrigPeaks               0x000025fc   Section        0  sx1276-loramisc.o(i.SX1276LoRaSetNbTrigPeaks)
    i.SX1276LoRaSetOpMode                    0x00002638   Section        0  sx1276-lora.o(i.SX1276LoRaSetOpMode)
    i.SX1276LoRaSetPAOutput                  0x0000269c   Section        0  sx1276-loramisc.o(i.SX1276LoRaSetPAOutput)
    i.SX1276LoRaSetPa20dBm                   0x000026d0   Section        0  sx1276-loramisc.o(i.SX1276LoRaSetPa20dBm)
    i.SX1276LoRaSetPacketCrcOn               0x00002728   Section        0  sx1276-loramisc.o(i.SX1276LoRaSetPacketCrcOn)
    i.SX1276LoRaSetPayloadLength             0x00002768   Section        0  sx1276-loramisc.o(i.SX1276LoRaSetPayloadLength)
    i.SX1276LoRaSetRFFrequency               0x00002790   Section        0  sx1276-loramisc.o(i.SX1276LoRaSetRFFrequency)
    i.SX1276LoRaSetRFPower                   0x000027f0   Section        0  sx1276-loramisc.o(i.SX1276LoRaSetRFPower)
    i.SX1276LoRaSetRFState                   0x000028ec   Section        0  sx1276-lora.o(i.SX1276LoRaSetRFState)
    i.SX1276LoRaSetSignalBandwidth           0x000028f8   Section        0  sx1276-loramisc.o(i.SX1276LoRaSetSignalBandwidth)
    i.SX1276LoRaSetSpreadingFactor           0x00002938   Section        0  sx1276-loramisc.o(i.SX1276LoRaSetSpreadingFactor)
    i.SX1276LoRaSetSymbTimeout               0x00002998   Section        0  sx1276-loramisc.o(i.SX1276LoRaSetSymbTimeout)
    i.SX1276LoRaSetTxPacket                  0x000029dc   Section        0  sx1276-lora.o(i.SX1276LoRaSetTxPacket)
    i.SX1276Process                          0x00002a04   Section        0  sx1276.o(i.SX1276Process)
    i.SX1276Read                             0x00002a20   Section        0  sx1276-hal.o(i.SX1276Read)
    i.SX1276ReadBuffer                       0x00002a34   Section        0  sx1276-hal.o(i.SX1276ReadBuffer)
    i.SX1276ReadDio0                         0x00002a78   Section        0  sx1276-hal.o(i.SX1276ReadDio0)
    i.SX1276ReadDio1                         0x00002a7a   Section        0  sx1276-hal.o(i.SX1276ReadDio1)
    i.SX1276ReadDio2                         0x00002a7c   Section        0  sx1276-hal.o(i.SX1276ReadDio2)
    i.SX1276ReadDio3                         0x00002a7e   Section        0  sx1276-hal.o(i.SX1276ReadDio3)
    i.SX1276ReadDio4                         0x00002a80   Section        0  sx1276-hal.o(i.SX1276ReadDio4)
    i.SX1276ReadFifo                         0x00002a82   Section        0  sx1276-hal.o(i.SX1276ReadFifo)
    i.SX1276Reset                            0x00002a94   Section        0  sx1276.o(i.SX1276Reset)
    i.SX1276SetLoRaOn                        0x00002aa4   Section        0  sx1276.o(i.SX1276SetLoRaOn)
    i.SX1276SetReset                         0x00002b58   Section        0  sx1276-hal.o(i.SX1276SetReset)
    i.SX1276SetTxPacket                      0x00002b5c   Section        0  sx1276.o(i.SX1276SetTxPacket)
    i.SX1276StartRx                          0x00002b84   Section        0  sx1276.o(i.SX1276StartRx)
    i.SX1276Write                            0x00002ba4   Section        0  sx1276-hal.o(i.SX1276Write)
    i.SX1276WriteBuffer                      0x00002bb4   Section        0  sx1276-hal.o(i.SX1276WriteBuffer)
    i.SX1276WriteFifo                        0x00002bf8   Section        0  sx1276-hal.o(i.SX1276WriteFifo)
    i.SX1276WriteRxTx                        0x00002c0a   Section        0  sx1276-hal.o(i.SX1276WriteRxTx)
    i.SYS_Init                               0x00002c0c   Section        0  main.o(i.SYS_Init)
    i.SYS_ResetCPU                           0x00002c78   Section        0  sys.o(i.SYS_ResetCPU)
    i.SYS_ResetModule                        0x00002c8c   Section        0  sys.o(i.SYS_ResetModule)
    i.SYS_UnlockReg                          0x00002cbc   Section        0  fmc_data_flash.o(i.SYS_UnlockReg)
    SYS_UnlockReg                            0x00002cbd   Thumb Code    26  fmc_data_flash.o(i.SYS_UnlockReg)
    i.SaveUserSlaveAddr                      0x00002cdc   Section        0  fmc_data_flash.o(i.SaveUserSlaveAddr)
    i.SaveUserSlaveRfChl                     0x00002d38   Section        0  fmc_data_flash.o(i.SaveUserSlaveRfChl)
    i.Si4432RegisterSetV26                   0x00002d98   Section        0  si4432.o(i.Si4432RegisterSetV26)
    i.Si4432Thread                           0x000030f0   Section        0  si4432.o(i.Si4432Thread)
    i.SlaveAddrPoll                          0x00003190   Section        0  fmc_data_flash.o(i.SlaveAddrPoll)
    i.SpiInOut                               0x00003210   Section        0  sx1276-hal.o(i.SpiInOut)
    i.SystemCoreClockUpdate                  0x00003264   Section        0  system_m051series.o(i.SystemCoreClockUpdate)
    i.SystemInit                             0x000032c8   Section        0  system_m051series.o(i.SystemInit)
    i.TIMER_EnableInt                        0x000032ca   Section        0  porttimer.o(i.TIMER_EnableInt)
    TIMER_EnableInt                          0x000032cb   Thumb Code    12  porttimer.o(i.TIMER_EnableInt)
    i.TIMER_GetModuleClock                   0x000032d8   Section        0  timer.o(i.TIMER_GetModuleClock)
    i.TIMER_Open                             0x0000335c   Section        0  timer.o(i.TIMER_Open)
    i.TIMER_Start                            0x000033d0   Section        0  porttimer.o(i.TIMER_Start)
    TIMER_Start                              0x000033d1   Thumb Code    12  porttimer.o(i.TIMER_Start)
    i.TMR1_IRQHandler                        0x000033dc   Section        0  porttimer.o(i.TMR1_IRQHandler)
    i.TMR2_IRQHandler                        0x00003438   Section        0  uart3th.o(i.TMR2_IRQHandler)
    i.UART0_IRQHandler                       0x000034bc   Section        0  portserial.o(i.UART0_IRQHandler)
    i.UART1_IRQHandler                       0x000034e8   Section        0  uart3th.o(i.UART1_IRQHandler)
    i.UART_Open                              0x00003524   Section        0  uart.o(i.UART_Open)
    i.UART_Write                             0x000035b8   Section        0  uart.o(i.UART_Write)
    i.__ARM_clz                              0x000035ea   Section        0  depilogue.o(i.__ARM_clz)
    i.__ARM_common_switch8                   0x00003618   Section        0  mb.o(i.__ARM_common_switch8)
    i.__scatterload_copy                     0x00003632   Section       14  handlers.o(i.__scatterload_copy)
    i.__scatterload_null                     0x00003640   Section        2  handlers.o(i.__scatterload_null)
    i.__scatterload_zeroinit                 0x00003642   Section       14  handlers.o(i.__scatterload_zeroinit)
    i.clr_interruput_si4432                  0x00003650   Section        0  si4432.o(i.clr_interruput_si4432)
    i.crc_ccitt                              0x00003664   Section        0  mbcrc.o(i.crc_ccitt)
    i.eBTFuncReadHoldingRegister             0x00003690   Section        0  btfunc.o(i.eBTFuncReadHoldingRegister)
    i.eMBEnable                              0x00003724   Section        0  mb.o(i.eMBEnable)
    i.eMBFuncReadCoils                       0x0000374c   Section        0  mbfunccoils.o(i.eMBFuncReadCoils)
    i.eMBFuncReadDiscreteInputs              0x0000380a   Section        0  mbfuncdisc.o(i.eMBFuncReadDiscreteInputs)
    i.eMBFuncReadHoldingRegister             0x000038c6   Section        0  mbfuncholding.o(i.eMBFuncReadHoldingRegister)
    i.eMBFuncReadInputRegister               0x00003952   Section        0  mbfuncinput.o(i.eMBFuncReadInputRegister)
    i.eMBFuncReadWriteMultipleHoldingRegister 0x000039de   Section        0  mbfuncholding.o(i.eMBFuncReadWriteMultipleHoldingRegister)
    i.eMBFuncReportSlaveID                   0x00003ac8   Section        0  mbfuncother.o(i.eMBFuncReportSlaveID)
    i.eMBFuncWriteCoil                       0x00003af0   Section        0  mbfunccoils.o(i.eMBFuncWriteCoil)
    i.eMBFuncWriteHoldingRegister            0x00003b60   Section        0  mbfuncholding.o(i.eMBFuncWriteHoldingRegister)
    i.eMBFuncWriteMultipleCoils              0x00003ba0   Section        0  mbfunccoils.o(i.eMBFuncWriteMultipleCoils)
    i.eMBFuncWriteMultipleHoldingRegister    0x00003c38   Section        0  mbfuncholding.o(i.eMBFuncWriteMultipleHoldingRegister)
    i.eMBInit                                0x00003ca4   Section        0  mb.o(i.eMBInit)
    i.eMBPoll                                0x00003d70   Section        0  mb.o(i.eMBPoll)
    i.eMBRTUInit                             0x00003f80   Section        0  mbrtu.o(i.eMBRTUInit)
    i.eMBRTUReceive                          0x00003fd4   Section        0  mbrtu.o(i.eMBRTUReceive)
    i.eMBRTUSend                             0x00004040   Section        0  mbrtu.o(i.eMBRTUSend)
    i.eMBRTUStart                            0x000040c8   Section        0  mbrtu.o(i.eMBRTUStart)
    i.eMBRTUStop                             0x000040ec   Section        0  mbrtu.o(i.eMBRTUStop)
    i.eMBRegCoilsCB                          0x00004104   Section        0  user_mb_app.o(i.eMBRegCoilsCB)
    i.eMBRegDiscreteCB                       0x00004260   Section        0  user_mb_app.o(i.eMBRegDiscreteCB)
    i.eMBRegHoldingCB                        0x000043b0   Section        0  user_mb_app.o(i.eMBRegHoldingCB)
    i.eMBRegInputCB                          0x00004470   Section        0  user_mb_app.o(i.eMBRegInputCB)
    i.initsi4432                             0x00004518   Section        0  si4432.o(i.initsi4432)
    i.loraInit                               0x00004578   Section        0  loramain.o(i.loraInit)
    i.loramain                               0x0000459c   Section        0  loramain.o(i.loramain)
    i.main                                   0x0000468c   Section        0  main.o(i.main)
    i.peBTFrameSendCur                       0x00004718   Section        0  mbrtu.o(i.peBTFrameSendCur)
    i.prveMBError2Exception                  0x000047f8   Section        0  mbutils.o(i.prveMBError2Exception)
    i.prvvTIMERExpiredISR                    0x0000481c   Section        0  porttimer.o(i.prvvTIMERExpiredISR)
    prvvTIMERExpiredISR                      0x0000481d   Thumb Code    10  porttimer.o(i.prvvTIMERExpiredISR)
    i.prvvUARTRxISR                          0x0000482c   Section        0  portserial.o(i.prvvUARTRxISR)
    prvvUARTRxISR                            0x0000482d   Thumb Code    10  portserial.o(i.prvvUARTRxISR)
    i.prvvUARTTxReadyISR                     0x0000483c   Section        0  portserial.o(i.prvvUARTTxReadyISR)
    prvvUARTTxReadyISR                       0x0000483d   Thumb Code    10  portserial.o(i.prvvUARTTxReadyISR)
    i.round                                  0x00004850   Section        0  round.o(i.round)
    i.rx_data                                0x000048f8   Section        0  si4432.o(i.rx_data)
    i.save_rec_data                          0x00004958   Section        0  si4432.o(i.save_rec_data)
    i.spi_byte                               0x000049c8   Section        0  si4432.o(i.spi_byte)
    i.spi_rw                                 0x00004a10   Section        0  si4432.o(i.spi_rw)
    i.tx_data                                0x00004a9c   Section        0  si4432.o(i.tx_data)
    i.ucMBMasterGetDestAddress               0x00004ba4   Section        0  user_mb_app.o(i.ucMBMasterGetDestAddress)
    i.usMBCRC16                              0x00004ba8   Section        0  mbcrc.o(i.usMBCRC16)
    i.vMBPortSerialEnable                    0x00004bdc   Section        0  portserial.o(i.vMBPortSerialEnable)
    i.vMBPortTimersDisable                   0x00004c20   Section        0  porttimer.o(i.vMBPortTimersDisable)
    i.vMBPortTimersEnable                    0x00004c4c   Section        0  porttimer.o(i.vMBPortTimersEnable)
    i.x3THPortSerialGetByte                  0x00004c7c   Section        0  uart3th.o(i.x3THPortSerialGetByte)
    i.x3THPortSerialInit                     0x00004c8c   Section        0  uart3th.o(i.x3THPortSerialInit)
    i.x3THPortTimersDisable                  0x00004ce8   Section        0  uart3th.o(i.x3THPortTimersDisable)
    i.x3THPortTimersEnable                   0x00004cfc   Section        0  uart3th.o(i.x3THPortTimersEnable)
    i.x3THPortTimersInit                     0x00004d14   Section        0  uart3th.o(i.x3THPortTimersInit)
    i.xMBMasterGetCBRunInMasterMode          0x00004d6c   Section        0  user_mb_app.o(i.xMBMasterGetCBRunInMasterMode)
    i.xMBPortEventGet                        0x00004d70   Section        0  portevent.o(i.xMBPortEventGet)
    i.xMBPortEventInit                       0x00004d94   Section        0  portevent.o(i.xMBPortEventInit)
    i.xMBPortEventPost                       0x00004da4   Section        0  portevent.o(i.xMBPortEventPost)
    i.xMBPortSerialGetByte                   0x00004db8   Section        0  portserial.o(i.xMBPortSerialGetByte)
    i.xMBPortSerialInit                      0x00004dc8   Section        0  portserial.o(i.xMBPortSerialInit)
    i.xMBPortSerialPutByte                   0x00004e30   Section        0  portserial.o(i.xMBPortSerialPutByte)
    i.xMBPortTimersInit                      0x00004e40   Section        0  porttimer.o(i.xMBPortTimersInit)
    i.xMBRTUReceiveFSM                       0x00004e80   Section        0  mbrtu.o(i.xMBRTUReceiveFSM)
    i.xMBRTUTimerT35Expired                  0x00004f10   Section        0  mbrtu.o(i.xMBRTUTimerT35Expired)
    i.xMBRTUTransmitFSM                      0x00004f54   Section        0  mbrtu.o(i.xMBRTUTransmitFSM)
    i.xMBUtilGetBits                         0x00004fc4   Section        0  mbutils.o(i.xMBUtilGetBits)
    i.xMBUtilSetBits                         0x00004ff2   Section        0  mbutils.o(i.xMBUtilSetBits)
    .constdata                               0x00005042   Section     1024  mbcrc.o(.constdata)
    aucCRCHi                                 0x00005042   Data         256  mbcrc.o(.constdata)
    aucCRCLo                                 0x00005142   Data         256  mbcrc.o(.constdata)
    ccitt_table                              0x00005242   Data         512  mbcrc.o(.constdata)
    .constdata                               0x00005444   Section       32  timer.o(.constdata)
    .constdata                               0x00005464   Section       48  uart.o(.constdata)
    .constdata                               0x00005494   Section       32  system_m051series.o(.constdata)
    .constdata                               0x000054b4   Section      204  sx1276-lora.o(.constdata)
    .data                                    0x20000000   Section        1  main.o(.data)
    .data                                    0x20000001   Section        2  portevent.o(.data)
    eQueuedEvent                             0x20000001   Data           1  portevent.o(.data)
    xEventInQueue                            0x20000002   Data           1  portevent.o(.data)
    .data                                    0x20000004   Section       10  porttimer.o(.data)
    MBTimerout50us                           0x2000000c   Data           2  porttimer.o(.data)
    .data                                    0x20000010   Section       34  user_mb_app.o(.data)
    .data                                    0x20000034   Section       12  mbrtu.o(.data)
    eSndState                                0x20000034   Data           1  mbrtu.o(.data)
    eRcvState                                0x20000035   Data           1  mbrtu.o(.data)
    pucSndBufferCur                          0x20000038   Data           4  mbrtu.o(.data)
    usSndBufferCount                         0x2000003c   Data           2  mbrtu.o(.data)
    usRcvBufferPos                           0x2000003e   Data           2  mbrtu.o(.data)
    .data                                    0x20000040   Section        2  mbfuncother.o(.data)
    usMBSlaveIDLen                           0x20000040   Data           2  mbfuncother.o(.data)
    .data                                    0x20000044   Section      184  mb.o(.data)
    eMBState                                 0x20000044   Data           1  mb.o(.data)
    xFuncHandlers                            0x20000048   Data         128  mb.o(.data)
    ucMBFrame                                0x200000c8   Data           4  mb.o(.data)
    ucRcvAddress                             0x200000cc   Data           1  mb.o(.data)
    ucFunctionCode                           0x200000cd   Data           1  mb.o(.data)
    usLength                                 0x200000ce   Data           2  mb.o(.data)
    eException                               0x200000d0   Data           1  mb.o(.data)
    ucMBAddress                              0x200000d1   Data           1  mb.o(.data)
    eMBCurrentMode                           0x200000d2   Data           1  mb.o(.data)
    peMBFrameSendCur                         0x200000d4   Data           4  mb.o(.data)
    pvMBFrameStartCur                        0x200000d8   Data           4  mb.o(.data)
    pvMBFrameStopCur                         0x200000dc   Data           4  mb.o(.data)
    peMBFrameReceiveCur                      0x200000e0   Data           4  mb.o(.data)
    pvMBFrameCloseCur                        0x200000e4   Data           4  mb.o(.data)
    .data                                    0x200000fc   Section       12  system_m051series.o(.data)
    .data                                    0x20000108   Section       26  uart3th.o(.data)
    t                                        0x2000011c   Data           4  uart3th.o(.data)
    MBTime2rout50us                          0x20000120   Data           2  uart3th.o(.data)
    .data                                    0x20000124   Section        7  si4432.o(.data)
    .data                                    0x2000012c   Section       28  blux_v30b.o(.data)
    s_I2C1HandlerFn                          0x20000130   Data           4  blux_v30b.o(.data)
    .data                                    0x20000148   Section        4  fmc_data_flash.o(.data)
    newid                                    0x20000148   Data           1  fmc_data_flash.o(.data)
    oldid                                    0x20000149   Data           1  fmc_data_flash.o(.data)
    newch                                    0x2000014a   Data           1  fmc_data_flash.o(.data)
    oldch                                    0x2000014b   Data           1  fmc_data_flash.o(.data)
    .data                                    0x2000014c   Section        2  sx1276.o(.data)
    LoRaOn                                   0x2000014c   Data           1  sx1276.o(.data)
    LoRaOnState                              0x2000014d   Data           1  sx1276.o(.data)
    .data                                    0x20000150   Section       84  sx1276-fsk.o(.data)
    DataChunkSize                            0x2000016c   Data           1  sx1276-fsk.o(.data)
    RFState                                  0x2000016d   Data           1  sx1276-fsk.o(.data)
    PreambleDetected                         0x2000016e   Data           1  sx1276-fsk.o(.data)
    SyncWordDetected                         0x2000016f   Data           1  sx1276-fsk.o(.data)
    PacketDetected                           0x20000170   Data           1  sx1276-fsk.o(.data)
    RxPacketSize                             0x20000172   Data           2  sx1276-fsk.o(.data)
    RxBytesRead                              0x20000174   Data           1  sx1276-fsk.o(.data)
    TxBytesSent                              0x20000175   Data           1  sx1276-fsk.o(.data)
    RxGain                                   0x20000176   Data           1  sx1276-fsk.o(.data)
    RxTimeoutTimer                           0x20000178   Data           4  sx1276-fsk.o(.data)
    Preamble2SyncTimer                       0x2000017c   Data           4  sx1276-fsk.o(.data)
    TxPacketSize                             0x20000180   Data           2  sx1276-fsk.o(.data)
    TxTimeoutTimer                           0x20000184   Data           4  sx1276-fsk.o(.data)
    opModePrev                               0x20000188   Data           1  sx1276-fsk.o(.data)
    antennaSwitchTxOnPrev                    0x20000189   Data           1  sx1276-fsk.o(.data)
    PacketTimeout                            0x20000190   Data           4  sx1276-fsk.o(.data)
    Preamble2SyncTimeout                     0x20000194   Data           4  sx1276-fsk.o(.data)
    RxPacketRssiValue                        0x20000198   Data           8  sx1276-fsk.o(.data)
    RxPacketAfcValue                         0x200001a0   Data           4  sx1276-fsk.o(.data)
    .data                                    0x200001a8   Section       70  sx1276-lora.o(.data)
    RFLRState                                0x200001c4   Data           1  sx1276-lora.o(.data)
    RxPacketSize                             0x200001c6   Data           2  sx1276-lora.o(.data)
    RxGain                                   0x200001c8   Data           1  sx1276-lora.o(.data)
    RxTimeoutTimer                           0x200001cc   Data           4  sx1276-lora.o(.data)
    TxPacketSize                             0x200001d0   Data           2  sx1276-lora.o(.data)
    opModePrev                               0x200001d2   Data           1  sx1276-lora.o(.data)
    antennaSwitchTxOnPrev                    0x200001d3   Data           1  sx1276-lora.o(.data)
    RxPacketSnrEstimate                      0x200001d8   Data           1  sx1276-lora.o(.data)
    RxPacketRssiValue                        0x200001e0   Data           8  sx1276-lora.o(.data)
    PacketTimeout                            0x200001e8   Data           4  sx1276-lora.o(.data)
    .data                                    0x200001f0   Section       13  loramain.o(.data)
    BufferSize                               0x200001f0   Data           2  loramain.o(.data)
    EnableMaster                             0x200001f2   Data           1  loramain.o(.data)
    .data                                    0x20000200   Section        4  sx12xxeiger.o(.data)
    .bss                                     0x20000204   Section      608  user_mb_app.o(.bss)
    .bss                                     0x20000464   Section      256  mbrtu.o(.bss)
    .bss                                     0x20000564   Section       32  mbfuncother.o(.bss)
    ucMBSlaveID                              0x20000564   Data          32  mbfuncother.o(.bss)
    .bss                                     0x20000584   Section      128  uart3th.o(.bss)
    .bss                                     0x20000604   Section      128  si4432.o(.bss)
    .bss                                     0x20000684   Section      129  blux_v30b.o(.bss)
    .bss                                     0x20000708   Section       24  radio.o(.bss)
    .bss                                     0x20000720   Section      112  sx1276.o(.bss)
    .bss                                     0x20000790   Section      256  sx1276-fsk.o(.bss)
    RFBuffer                                 0x20000790   Data         256  sx1276-fsk.o(.bss)
    .bss                                     0x20000890   Section      256  sx1276-lora.o(.bss)
    RFBuffer                                 0x20000890   Data         256  sx1276-lora.o(.bss)
    .bss                                     0x20000990   Section        9  loramain.o(.bss)
    Buffer                                   0x20000990   Data           9  loramain.o(.bss)
    STACK                                    0x200009a0   Section      512  startup_m051series.o(STACK)

    Global Symbols

    Symbol Name                              Value     Ov Type        Size  Object(Section)

    BuildAttributes$$THM_ISAv3M$S$PE$A:L22$X:L11$S22$IEEE1$IW$USESV6$~STKCKD$USESV7$~SHL$OTIME$ROPI$IEEEX$EBA8$MICROLIB$REQ8$PRES8$EABIv2 0x00000000   Number         0  anon$$obj.o ABSOLUTE
    __ARM_use_no_argv                        0x00000000   Number         0  main.o ABSOLUTE
    __Vectors                                0x00000000   Data           4  startup_m051series.o(RESET)
    _printf_a                                0x00000000   Number         0  stubs.o ABSOLUTE
    _printf_c                                0x00000000   Number         0  stubs.o ABSOLUTE
    _printf_charcount                        0x00000000   Number         0  stubs.o ABSOLUTE
    _printf_d                                0x00000000   Number         0  stubs.o ABSOLUTE
    _printf_e                                0x00000000   Number         0  stubs.o ABSOLUTE
    _printf_f                                0x00000000   Number         0  stubs.o ABSOLUTE
    _printf_flags                            0x00000000   Number         0  stubs.o ABSOLUTE
    _printf_fp_dec                           0x00000000   Number         0  stubs.o ABSOLUTE
    _printf_fp_hex                           0x00000000   Number         0  stubs.o ABSOLUTE
    _printf_g                                0x00000000   Number         0  stubs.o ABSOLUTE
    _printf_i                                0x00000000   Number         0  stubs.o ABSOLUTE
    _printf_int_dec                          0x00000000   Number         0  stubs.o ABSOLUTE
    _printf_l                                0x00000000   Number         0  stubs.o ABSOLUTE
    _printf_lc                               0x00000000   Number         0  stubs.o ABSOLUTE
    _printf_ll                               0x00000000   Number         0  stubs.o ABSOLUTE
    _printf_lld                              0x00000000   Number         0  stubs.o ABSOLUTE
    _printf_lli                              0x00000000   Number         0  stubs.o ABSOLUTE
    _printf_llo                              0x00000000   Number         0  stubs.o ABSOLUTE
    _printf_llu                              0x00000000   Number         0  stubs.o ABSOLUTE
    _printf_llx                              0x00000000   Number         0  stubs.o ABSOLUTE
    _printf_longlong_dec                     0x00000000   Number         0  stubs.o ABSOLUTE
    _printf_longlong_hex                     0x00000000   Number         0  stubs.o ABSOLUTE
    _printf_longlong_oct                     0x00000000   Number         0  stubs.o ABSOLUTE
    _printf_ls                               0x00000000   Number         0  stubs.o ABSOLUTE
    _printf_mbtowc                           0x00000000   Number         0  stubs.o ABSOLUTE
    _printf_n                                0x00000000   Number         0  stubs.o ABSOLUTE
    _printf_o                                0x00000000   Number         0  stubs.o ABSOLUTE
    _printf_p                                0x00000000   Number         0  stubs.o ABSOLUTE
    _printf_percent                          0x00000000   Number         0  stubs.o ABSOLUTE
    _printf_pre_padding                      0x00000000   Number         0  stubs.o ABSOLUTE
    _printf_return_value                     0x00000000   Number         0  stubs.o ABSOLUTE
    _printf_s                                0x00000000   Number         0  stubs.o ABSOLUTE
    _printf_sizespec                         0x00000000   Number         0  stubs.o ABSOLUTE
    _printf_str                              0x00000000   Number         0  stubs.o ABSOLUTE
    _printf_truncate_signed                  0x00000000   Number         0  stubs.o ABSOLUTE
    _printf_truncate_unsigned                0x00000000   Number         0  stubs.o ABSOLUTE
    _printf_u                                0x00000000   Number         0  stubs.o ABSOLUTE
    _printf_wc                               0x00000000   Number         0  stubs.o ABSOLUTE
    _printf_wctomb                           0x00000000   Number         0  stubs.o ABSOLUTE
    _printf_widthprec                        0x00000000   Number         0  stubs.o ABSOLUTE
    _printf_x                                0x00000000   Number         0  stubs.o ABSOLUTE
    __main                                   0x000000c1   Thumb Code     0  entry.o(.ARM.Collect$$$$00000000)
    _main_stk                                0x000000c1   Thumb Code     0  entry2.o(.ARM.Collect$$$$00000001)
    _main_scatterload                        0x000000c5   Thumb Code     0  entry5.o(.ARM.Collect$$$$00000004)
    __main_after_scatterload                 0x000000c9   Thumb Code     0  entry5.o(.ARM.Collect$$$$00000004)
    _main_init                               0x000000c9   Thumb Code     0  entry7.o(.ARM.Collect$$$$00000007)
    Reset_Handler                            0x000000d5   Thumb Code    32  startup_m051series.o(.text)
    NMI_Handler                              0x000000f5   Thumb Code     2  startup_m051series.o(.text)
    HardFault_Handler                        0x000000f7   Thumb Code     2  startup_m051series.o(.text)
    SVC_Handler                              0x000000f9   Thumb Code     2  startup_m051series.o(.text)
    PendSV_Handler                           0x000000fb   Thumb Code     2  startup_m051series.o(.text)
    SysTick_Handler                          0x000000fd   Thumb Code     2  startup_m051series.o(.text)
    ACMP01_IRQHandler                        0x000000ff   Thumb Code     0  startup_m051series.o(.text)
    ACMP23_IRQHandler                        0x000000ff   Thumb Code     0  startup_m051series.o(.text)
    ADC_IRQHandler                           0x000000ff   Thumb Code     0  startup_m051series.o(.text)
    BOD_IRQHandler                           0x000000ff   Thumb Code     0  startup_m051series.o(.text)
    EINT0_IRQHandler                         0x000000ff   Thumb Code     0  startup_m051series.o(.text)
    EINT1_IRQHandler                         0x000000ff   Thumb Code     0  startup_m051series.o(.text)
    GPIOP0P1_IRQHandler                      0x000000ff   Thumb Code     0  startup_m051series.o(.text)
    GPIOP2P3P4_IRQHandler                    0x000000ff   Thumb Code     0  startup_m051series.o(.text)
    I2C0_IRQHandler                          0x000000ff   Thumb Code     0  startup_m051series.o(.text)
    PWMA_IRQHandler                          0x000000ff   Thumb Code     0  startup_m051series.o(.text)
    PWMB_IRQHandler                          0x000000ff   Thumb Code     0  startup_m051series.o(.text)
    PWRWU_IRQHandler                         0x000000ff   Thumb Code     0  startup_m051series.o(.text)
    RTC_IRQHandler                           0x000000ff   Thumb Code     0  startup_m051series.o(.text)
    SPI0_IRQHandler                          0x000000ff   Thumb Code     0  startup_m051series.o(.text)
    SPI1_IRQHandler                          0x000000ff   Thumb Code     0  startup_m051series.o(.text)
    TMR0_IRQHandler                          0x000000ff   Thumb Code     0  startup_m051series.o(.text)
    TMR3_IRQHandler                          0x000000ff   Thumb Code     0  startup_m051series.o(.text)
    WDT_IRQHandler                           0x000000ff   Thumb Code     0  startup_m051series.o(.text)
    __aeabi_uidiv                            0x00000121   Thumb Code     0  uidiv.o(.text)
    __aeabi_uidivmod                         0x00000121   Thumb Code    44  uidiv.o(.text)
    __aeabi_memcpy                           0x0000014d   Thumb Code    36  memcpya.o(.text)
    __aeabi_memcpy4                          0x0000014d   Thumb Code     0  memcpya.o(.text)
    __aeabi_memcpy8                          0x0000014d   Thumb Code     0  memcpya.o(.text)
    __aeabi_memset                           0x00000171   Thumb Code    14  memseta.o(.text)
    __aeabi_memset4                          0x00000171   Thumb Code     0  memseta.o(.text)
    __aeabi_memset8                          0x00000171   Thumb Code     0  memseta.o(.text)
    __aeabi_memclr                           0x0000017f   Thumb Code     4  memseta.o(.text)
    __aeabi_memclr4                          0x0000017f   Thumb Code     0  memseta.o(.text)
    __aeabi_memclr8                          0x0000017f   Thumb Code     0  memseta.o(.text)
    _memset$wrapper                          0x00000183   Thumb Code    20  memseta.o(.text)
    __aeabi_dadd                             0x00000199   Thumb Code   376  dadd.o(.text)
    __aeabi_dsub                             0x00000311   Thumb Code    12  dadd.o(.text)
    __aeabi_drsub                            0x0000031d   Thumb Code    12  dadd.o(.text)
    __aeabi_dmul                             0x0000032d   Thumb Code   206  dmul.o(.text)
    __aeabi_ddiv                             0x00000401   Thumb Code   282  ddiv.o(.text)
    __aeabi_ui2f                             0x00000521   Thumb Code    14  ffltui.o(.text)
    __aeabi_i2d                              0x00000531   Thumb Code    34  dflti.o(.text)
    __aeabi_ui2d                             0x00000559   Thumb Code    24  dfltui.o(.text)
    __aeabi_f2uiz                            0x00000575   Thumb Code    42  ffixui.o(.text)
    __aeabi_d2iz                             0x000005a1   Thumb Code    74  dfixi.o(.text)
    __aeabi_d2uiz                            0x000005f1   Thumb Code    50  dfixui.o(.text)
    __aeabi_f2d                              0x00000629   Thumb Code    38  f2d.o(.text)
    __aeabi_cdcmpeq                          0x00000651   Thumb Code     0  cdcmple.o(.text)
    __aeabi_cdcmple                          0x00000651   Thumb Code    76  cdcmple.o(.text)
    __aeabi_d2f                              0x0000069d   Thumb Code    64  d2f.o(.text)
    __aeabi_llsl                             0x000006dd   Thumb Code    34  llshl.o(.text)
    _ll_shift_l                              0x000006dd   Thumb Code     0  llshl.o(.text)
    __aeabi_llsr                             0x000006ff   Thumb Code    32  llushr.o(.text)
    _ll_ushift_r                             0x000006ff   Thumb Code     0  llushr.o(.text)
    __aeabi_lasr                             0x0000071f   Thumb Code    36  llsshr.o(.text)
    _ll_sshift_r                             0x0000071f   Thumb Code     0  llsshr.o(.text)
    __I$use$fp                               0x00000743   Thumb Code     0  iusefp.o(.text)
    _float_round                             0x00000743   Thumb Code    16  fepilogue.o(.text)
    _float_epilogue                          0x00000753   Thumb Code   116  fepilogue.o(.text)
    _double_round                            0x000007c7   Thumb Code    58  depilogue.o(.text)
    _double_epilogue                         0x00000801   Thumb Code   188  depilogue.o(.text)
    _drnd                                    0x000008bd   Thumb Code   126  drnd.o(.text)
    __aeabi_cdrcmple                         0x00000945   Thumb Code    76  cdrcmple.o(.text)
    __scatterload                            0x00000991   Thumb Code    28  init.o(.text)
    __scatterload_rt2                        0x00000991   Thumb Code     0  init.o(.text)
    __decompress                             0x000009b5   Thumb Code     0  __dczerorl2.o(.text)
    __decompress1                            0x000009b5   Thumb Code    88  __dczerorl2.o(.text)
    B_LUX_Delay5us                           0x00000a0d   Thumb Code    10  blux_v30b.o(i.B_LUX_Delay5us)
    B_LUX_GetLux                             0x00000a19   Thumb Code   200  blux_v30b.o(i.B_LUX_GetLux)
    B_LUX_RecvACK                            0x00000af1   Thumb Code    38  blux_v30b.o(i.B_LUX_RecvACK)
    B_LUX_RecvByte                           0x00000b1d   Thumb Code    58  blux_v30b.o(i.B_LUX_RecvByte)
    B_LUX_SendACK                            0x00000b5d   Thumb Code    50  blux_v30b.o(i.B_LUX_SendACK)
    B_LUX_SendByte                           0x00000b95   Thumb Code    70  blux_v30b.o(i.B_LUX_SendByte)
    B_LUX_Start                              0x00000be1   Thumb Code    32  blux_v30b.o(i.B_LUX_Start)
    B_LUX_Stop                               0x00000c05   Thumb Code    38  blux_v30b.o(i.B_LUX_Stop)
    B_LUX_delay_nms                          0x00000c31   Thumb Code    26  blux_v30b.o(i.B_LUX_delay_nms)
    Blux_v3bPoll                             0x00000c4d   Thumb Code    52  blux_v30b.o(i.Blux_v3bPoll)
    BoardInit                                0x00000c8d   Thumb Code     2  sx12xxeiger.o(i.BoardInit)
    CLK_EnableModuleClock                    0x00000c91   Thumb Code    28  clk.o(i.CLK_EnableModuleClock)
    CLK_SetModuleClock                       0x00000da9   Thumb Code    88  clk.o(i.CLK_SetModuleClock)
    CLK_WaitClockReady                       0x00000e05   Thumb Code    28  clk.o(i.CLK_WaitClockReady)
    Check_si4432_HW                          0x00000e29   Thumb Code    24  si4432.o(i.Check_si4432_HW)
    Co2EventPoll                             0x00000e41   Thumb Code   106  uart3th.o(i.Co2EventPoll)
    Co2Init                                  0x00000ebd   Thumb Code    62  uart3th.o(i.Co2Init)
    Co2SendCmd                               0x00000f25   Thumb Code    48  uart3th.o(i.Co2SendCmd)
    DrvSYS_Delay                             0x00000f6d   Thumb Code    34  main.o(i.DrvSYS_Delay)
    EnterCriticalSection                     0x00000f99   Thumb Code     4  port.o(i.EnterCriticalSection)
    ExitCriticalSection                      0x00000f9d   Thumb Code     4  port.o(i.ExitCriticalSection)
    FMC_Close                                0x00000fa1   Thumb Code    14  fmc.o(i.FMC_Close)
    FMC_EraseData                            0x00000fb5   Thumb Code    54  fmc_data_flash.o(i.FMC_EraseData)
    FMC_Open                                 0x00000ff1   Thumb Code    14  fmc.o(i.FMC_Open)
    FMC_ReadData                             0x00001005   Thumb Code    40  fmc_data_flash.o(i.FMC_ReadData)
    FMC_WriteData                            0x00001031   Thumb Code    38  fmc_data_flash.o(i.FMC_WriteData)
    GPIO_SetMode                             0x0000105d   Thumb Code    42  gpio.o(i.GPIO_SetMode)
    HWRealyInit                              0x00001087   Thumb Code     2  realyctrl.o(i.HWRealyInit)
    I2C1_IRQHandler                          0x00001089   Thumb Code    46  blux_v30b.o(i.I2C1_IRQHandler)
    I2C_ClearTimeoutFlag                     0x000010c1   Thumb Code    10  i2c.o(i.I2C_ClearTimeoutFlag)
    InitBLUX_V30                             0x000010cd   Thumb Code    32  blux_v30b.o(i.InitBLUX_V30)
    InitSlaveAddr                            0x000010f5   Thumb Code   124  fmc_data_flash.o(i.InitSlaveAddr)
    ProcesBoadcast                           0x0000130d   Thumb Code    60  si4432.o(i.ProcesBoadcast)
    ProcesMyselfFun                          0x0000135d   Thumb Code   126  si4432.o(i.ProcesMyselfFun)
    RE_RSSI                                  0x000013e9   Thumb Code    20  si4432.o(i.RE_RSSI)
    RadioDriverInit                          0x00001401   Thumb Code    30  radio.o(i.RadioDriverInit)
    SI4432_init                              0x0000143d   Thumb Code    92  si4432.o(i.SI4432_init)
    SX1276FskGetPacketPayloadSize            0x00001499   Thumb Code    96  sx1276-fsk.o(i.SX1276FskGetPacketPayloadSize)
    SX1276FskGetRxPacket                     0x000014fd   Thumb Code    30  sx1276-fsk.o(i.SX1276FskGetRxPacket)
    SX1276FskProcess                         0x00001525   Thumb Code  1642  sx1276-fsk.o(i.SX1276FskProcess)
    SX1276FskReadAfc                         0x00001ba1   Thumb Code    80  sx1276-fsk.o(i.SX1276FskReadAfc)
    SX1276FskReadRssi                        0x00001bfd   Thumb Code    66  sx1276-fsk.o(i.SX1276FskReadRssi)
    SX1276FskReadRxGain                      0x00001c4d   Thumb Code    24  sx1276-fsk.o(i.SX1276FskReadRxGain)
    SX1276FskSetOpMode                       0x00001c69   Thumb Code    92  sx1276-fsk.o(i.SX1276FskSetOpMode)
    SX1276FskSetRFState                      0x00001ccd   Thumb Code     6  sx1276-fsk.o(i.SX1276FskSetRFState)
    SX1276FskSetTxPacket                     0x00001cd9   Thumb Code    30  sx1276-fsk.o(i.SX1276FskSetTxPacket)
    SX1276GetRxPacket                        0x00001d01   Thumb Code    34  sx1276.o(i.SX1276GetRxPacket)
    SX1276Init                               0x00001d29   Thumb Code    40  sx1276.o(i.SX1276Init)
    SX1276InitIo                             0x00001d61   Thumb Code    38  sx1276-hal.o(i.SX1276InitIo)
    SX1276LoRaGetRxPacket                    0x00001d8d   Thumb Code    30  sx1276-lora.o(i.SX1276LoRaGetRxPacket)
    SX1276LoRaInit                           0x00001db5   Thumb Code   180  sx1276-lora.o(i.SX1276LoRaInit)
    SX1276LoRaProcess                        0x00001e81   Thumb Code  1658  sx1276-lora.o(i.SX1276LoRaProcess)
    SX1276LoRaReadRxGain                     0x00002515   Thumb Code    24  sx1276-lora.o(i.SX1276LoRaReadRxGain)
    SX1276LoRaSetDefaults                    0x00002531   Thumb Code    16  sx1276-lora.o(i.SX1276LoRaSetDefaults)
    SX1276LoRaSetErrorCoding                 0x00002545   Thumb Code    54  sx1276-loramisc.o(i.SX1276LoRaSetErrorCoding)
    SX1276LoRaSetImplicitHeaderOn            0x00002585   Thumb Code    52  sx1276-loramisc.o(i.SX1276LoRaSetImplicitHeaderOn)
    SX1276LoRaSetLowDatarateOptimize         0x000025c1   Thumb Code    56  sx1276-loramisc.o(i.SX1276LoRaSetLowDatarateOptimize)
    SX1276LoRaSetNbTrigPeaks                 0x000025fd   Thumb Code    54  sx1276-loramisc.o(i.SX1276LoRaSetNbTrigPeaks)
    SX1276LoRaSetOpMode                      0x00002639   Thumb Code    92  sx1276-lora.o(i.SX1276LoRaSetOpMode)
    SX1276LoRaSetPAOutput                    0x0000269d   Thumb Code    48  sx1276-loramisc.o(i.SX1276LoRaSetPAOutput)
    SX1276LoRaSetPa20dBm                     0x000026d1   Thumb Code    84  sx1276-loramisc.o(i.SX1276LoRaSetPa20dBm)
    SX1276LoRaSetPacketCrcOn                 0x00002729   Thumb Code    54  sx1276-loramisc.o(i.SX1276LoRaSetPacketCrcOn)
    SX1276LoRaSetPayloadLength               0x00002769   Thumb Code    32  sx1276-loramisc.o(i.SX1276LoRaSetPayloadLength)
    SX1276LoRaSetRFFrequency                 0x00002791   Thumb Code    80  sx1276-loramisc.o(i.SX1276LoRaSetRFFrequency)
    SX1276LoRaSetRFPower                     0x000027f1   Thumb Code   244  sx1276-loramisc.o(i.SX1276LoRaSetRFPower)
    SX1276LoRaSetRFState                     0x000028ed   Thumb Code     6  sx1276-lora.o(i.SX1276LoRaSetRFState)
    SX1276LoRaSetSignalBandwidth             0x000028f9   Thumb Code    54  sx1276-loramisc.o(i.SX1276LoRaSetSignalBandwidth)
    SX1276LoRaSetSpreadingFactor             0x00002939   Thumb Code    86  sx1276-loramisc.o(i.SX1276LoRaSetSpreadingFactor)
    SX1276LoRaSetSymbTimeout                 0x00002999   Thumb Code    64  sx1276-loramisc.o(i.SX1276LoRaSetSymbTimeout)
    SX1276LoRaSetTxPacket                    0x000029dd   Thumb Code    30  sx1276-lora.o(i.SX1276LoRaSetTxPacket)
    SX1276Process                            0x00002a05   Thumb Code    22  sx1276.o(i.SX1276Process)
    SX1276Read                               0x00002a21   Thumb Code    18  sx1276-hal.o(i.SX1276Read)
    SX1276ReadBuffer                         0x00002a35   Thumb Code    62  sx1276-hal.o(i.SX1276ReadBuffer)
    SX1276ReadDio0                           0x00002a79   Thumb Code     2  sx1276-hal.o(i.SX1276ReadDio0)
    SX1276ReadDio1                           0x00002a7b   Thumb Code     2  sx1276-hal.o(i.SX1276ReadDio1)
    SX1276ReadDio2                           0x00002a7d   Thumb Code     2  sx1276-hal.o(i.SX1276ReadDio2)
    SX1276ReadDio3                           0x00002a7f   Thumb Code     2  sx1276-hal.o(i.SX1276ReadDio3)
    SX1276ReadDio4                           0x00002a81   Thumb Code     2  sx1276-hal.o(i.SX1276ReadDio4)
    SX1276ReadFifo                           0x00002a83   Thumb Code    18  sx1276-hal.o(i.SX1276ReadFifo)
    SX1276Reset                              0x00002a95   Thumb Code    16  sx1276.o(i.SX1276Reset)
    SX1276SetLoRaOn                          0x00002aa5   Thumb Code   166  sx1276.o(i.SX1276SetLoRaOn)
    SX1276SetReset                           0x00002b59   Thumb Code     2  sx1276-hal.o(i.SX1276SetReset)
    SX1276SetTxPacket                        0x00002b5d   Thumb Code    34  sx1276.o(i.SX1276SetTxPacket)
    SX1276StartRx                            0x00002b85   Thumb Code    26  sx1276.o(i.SX1276StartRx)
    SX1276Write                              0x00002ba5   Thumb Code    16  sx1276-hal.o(i.SX1276Write)
    SX1276WriteBuffer                        0x00002bb5   Thumb Code    64  sx1276-hal.o(i.SX1276WriteBuffer)
    SX1276WriteFifo                          0x00002bf9   Thumb Code    18  sx1276-hal.o(i.SX1276WriteFifo)
    SX1276WriteRxTx                          0x00002c0b   Thumb Code     2  sx1276-hal.o(i.SX1276WriteRxTx)
    SYS_Init                                 0x00002c0d   Thumb Code    92  main.o(i.SYS_Init)
    SYS_ResetCPU                             0x00002c79   Thumb Code    18  sys.o(i.SYS_ResetCPU)
    SYS_ResetModule                          0x00002c8d   Thumb Code    44  sys.o(i.SYS_ResetModule)
    SaveUserSlaveAddr                        0x00002cdd   Thumb Code    84  fmc_data_flash.o(i.SaveUserSlaveAddr)
    SaveUserSlaveRfChl                       0x00002d39   Thumb Code    86  fmc_data_flash.o(i.SaveUserSlaveRfChl)
    Si4432RegisterSetV26                     0x00002d99   Thumb Code   852  si4432.o(i.Si4432RegisterSetV26)
    Si4432Thread                             0x000030f1   Thumb Code   140  si4432.o(i.Si4432Thread)
    SlaveAddrPoll                            0x00003191   Thumb Code   120  fmc_data_flash.o(i.SlaveAddrPoll)
    SpiInOut                                 0x00003211   Thumb Code    78  sx1276-hal.o(i.SpiInOut)
    SystemCoreClockUpdate                    0x00003265   Thumb Code    76  system_m051series.o(i.SystemCoreClockUpdate)
    SystemInit                               0x000032c9   Thumb Code     2  system_m051series.o(i.SystemInit)
    TIMER_GetModuleClock                     0x000032d9   Thumb Code   110  timer.o(i.TIMER_GetModuleClock)
    TIMER_Open                               0x0000335d   Thumb Code   116  timer.o(i.TIMER_Open)
    TMR1_IRQHandler                          0x000033dd   Thumb Code    74  porttimer.o(i.TMR1_IRQHandler)
    TMR2_IRQHandler                          0x00003439   Thumb Code   108  uart3th.o(i.TMR2_IRQHandler)
    UART0_IRQHandler                         0x000034bd   Thumb Code    38  portserial.o(i.UART0_IRQHandler)
    UART1_IRQHandler                         0x000034e9   Thumb Code    46  uart3th.o(i.UART1_IRQHandler)
    UART_Open                                0x00003525   Thumb Code   132  uart.o(i.UART_Open)
    UART_Write                               0x000035b9   Thumb Code    50  uart.o(i.UART_Write)
    __ARM_clz                                0x000035eb   Thumb Code    46  depilogue.o(i.__ARM_clz)
    __ARM_common_switch8                     0x00003619   Thumb Code    26  mb.o(i.__ARM_common_switch8)
    __scatterload_copy                       0x00003633   Thumb Code    14  handlers.o(i.__scatterload_copy)
    __scatterload_null                       0x00003641   Thumb Code     2  handlers.o(i.__scatterload_null)
    __scatterload_zeroinit                   0x00003643   Thumb Code    14  handlers.o(i.__scatterload_zeroinit)
    clr_interruput_si4432                    0x00003651   Thumb Code    20  si4432.o(i.clr_interruput_si4432)
    crc_ccitt                                0x00003665   Thumb Code    40  mbcrc.o(i.crc_ccitt)
    eBTFuncReadHoldingRegister               0x00003691   Thumb Code   148  btfunc.o(i.eBTFuncReadHoldingRegister)
    eMBEnable                                0x00003725   Thumb Code    34  mb.o(i.eMBEnable)
    eMBFuncReadCoils                         0x0000374d   Thumb Code   190  mbfunccoils.o(i.eMBFuncReadCoils)
    eMBFuncReadDiscreteInputs                0x0000380b   Thumb Code   188  mbfuncdisc.o(i.eMBFuncReadDiscreteInputs)
    eMBFuncReadHoldingRegister               0x000038c7   Thumb Code   140  mbfuncholding.o(i.eMBFuncReadHoldingRegister)
    eMBFuncReadInputRegister                 0x00003953   Thumb Code   140  mbfuncinput.o(i.eMBFuncReadInputRegister)
    eMBFuncReadWriteMultipleHoldingRegister  0x000039df   Thumb Code   234  mbfuncholding.o(i.eMBFuncReadWriteMultipleHoldingRegister)
    eMBFuncReportSlaveID                     0x00003ac9   Thumb Code    30  mbfuncother.o(i.eMBFuncReportSlaveID)
    eMBFuncWriteCoil                         0x00003af1   Thumb Code   112  mbfunccoils.o(i.eMBFuncWriteCoil)
    eMBFuncWriteHoldingRegister              0x00003b61   Thumb Code    64  mbfuncholding.o(i.eMBFuncWriteHoldingRegister)
    eMBFuncWriteMultipleCoils                0x00003ba1   Thumb Code   152  mbfunccoils.o(i.eMBFuncWriteMultipleCoils)
    eMBFuncWriteMultipleHoldingRegister      0x00003c39   Thumb Code   108  mbfuncholding.o(i.eMBFuncWriteMultipleHoldingRegister)
    eMBInit                                  0x00003ca5   Thumb Code   158  mb.o(i.eMBInit)
    eMBPoll                                  0x00003d71   Thumb Code   522  mb.o(i.eMBPoll)
    eMBRTUInit                               0x00003f81   Thumb Code    80  mbrtu.o(i.eMBRTUInit)
    eMBRTUReceive                            0x00003fd5   Thumb Code    98  mbrtu.o(i.eMBRTUReceive)
    eMBRTUSend                               0x00004041   Thumb Code   128  mbrtu.o(i.eMBRTUSend)
    eMBRTUStart                              0x000040c9   Thumb Code    30  mbrtu.o(i.eMBRTUStart)
    eMBRTUStop                               0x000040ed   Thumb Code    24  mbrtu.o(i.eMBRTUStop)
    eMBRegCoilsCB                            0x00004105   Thumb Code   332  user_mb_app.o(i.eMBRegCoilsCB)
    eMBRegDiscreteCB                         0x00004261   Thumb Code   318  user_mb_app.o(i.eMBRegDiscreteCB)
    eMBRegHoldingCB                          0x000043b1   Thumb Code   176  user_mb_app.o(i.eMBRegHoldingCB)
    eMBRegInputCB                            0x00004471   Thumb Code   150  user_mb_app.o(i.eMBRegInputCB)
    initsi4432                               0x00004519   Thumb Code    76  si4432.o(i.initsi4432)
    loraInit                                 0x00004579   Thumb Code    30  loramain.o(i.loraInit)
    loramain                                 0x0000459d   Thumb Code   206  loramain.o(i.loramain)
    main                                     0x0000468d   Thumb Code   132  main.o(i.main)
    peBTFrameSendCur                         0x00004719   Thumb Code   216  mbrtu.o(i.peBTFrameSendCur)
    prveMBError2Exception                    0x000047f9   Thumb Code    36  mbutils.o(i.prveMBError2Exception)
    round                                    0x00004851   Thumb Code   142  round.o(i.round)
    rx_data                                  0x000048f9   Thumb Code    94  si4432.o(i.rx_data)
    save_rec_data                            0x00004959   Thumb Code   108  si4432.o(i.save_rec_data)
    spi_byte                                 0x000049c9   Thumb Code    68  si4432.o(i.spi_byte)
    spi_rw                                   0x00004a11   Thumb Code   136  si4432.o(i.spi_rw)
    tx_data                                  0x00004a9d   Thumb Code   264  si4432.o(i.tx_data)
    ucMBMasterGetDestAddress                 0x00004ba5   Thumb Code     4  user_mb_app.o(i.ucMBMasterGetDestAddress)
    usMBCRC16                                0x00004ba9   Thumb Code    44  mbcrc.o(i.usMBCRC16)
    vMBPortSerialEnable                      0x00004bdd   Thumb Code    62  portserial.o(i.vMBPortSerialEnable)
    vMBPortTimersDisable                     0x00004c21   Thumb Code    30  porttimer.o(i.vMBPortTimersDisable)
    vMBPortTimersEnable                      0x00004c4d   Thumb Code    34  porttimer.o(i.vMBPortTimersEnable)
    x3THPortSerialGetByte                    0x00004c7d   Thumb Code    12  uart3th.o(i.x3THPortSerialGetByte)
    x3THPortSerialInit                       0x00004c8d   Thumb Code    80  uart3th.o(i.x3THPortSerialInit)
    x3THPortTimersDisable                    0x00004ce9   Thumb Code    12  uart3th.o(i.x3THPortTimersDisable)
    x3THPortTimersEnable                     0x00004cfd   Thumb Code    14  uart3th.o(i.x3THPortTimersEnable)
    x3THPortTimersInit                       0x00004d15   Thumb Code    74  uart3th.o(i.x3THPortTimersInit)
    xMBMasterGetCBRunInMasterMode            0x00004d6d   Thumb Code     4  user_mb_app.o(i.xMBMasterGetCBRunInMasterMode)
    xMBPortEventGet                          0x00004d71   Thumb Code    30  portevent.o(i.xMBPortEventGet)
    xMBPortEventInit                         0x00004d95   Thumb Code    10  portevent.o(i.xMBPortEventInit)
    xMBPortEventPost                         0x00004da5   Thumb Code    16  portevent.o(i.xMBPortEventPost)
    xMBPortSerialGetByte                     0x00004db9   Thumb Code    12  portserial.o(i.xMBPortSerialGetByte)
    xMBPortSerialInit                        0x00004dc9   Thumb Code    88  portserial.o(i.xMBPortSerialInit)
    xMBPortSerialPutByte                     0x00004e31   Thumb Code    10  portserial.o(i.xMBPortSerialPutByte)
    xMBPortTimersInit                        0x00004e41   Thumb Code    50  porttimer.o(i.xMBPortTimersInit)
    xMBRTUReceiveFSM                         0x00004e81   Thumb Code   134  mbrtu.o(i.xMBRTUReceiveFSM)
    xMBRTUTimerT35Expired                    0x00004f11   Thumb Code    62  mbrtu.o(i.xMBRTUTimerT35Expired)
    xMBRTUTransmitFSM                        0x00004f55   Thumb Code   106  mbrtu.o(i.xMBRTUTransmitFSM)
    xMBUtilGetBits                           0x00004fc5   Thumb Code    46  mbutils.o(i.xMBUtilGetBits)
    xMBUtilSetBits                           0x00004ff3   Thumb Code    80  mbutils.o(i.xMBUtilSetBits)
    gau32ClkSrcTbl                           0x00005494   Data          32  system_m051series.o(.constdata)
    HoppingFrequencies                       0x000054b4   Data         204  sx1276-lora.o(.constdata)
    Region$$Table$$Base                      0x00005580   Number         0  anon$$obj.o(Region$$Table)
    Region$$Table$$Limit                     0x000055a0   Number         0  anon$$obj.o(Region$$Table)
    SlaveAddr                                0x20000000   Data           1  main.o(.data)
    Timehandel                               0x20000004   Data           1  porttimer.o(.data)
    timecut                                  0x20000008   Data           4  porttimer.o(.data)
    usSDiscInStart                           0x20000010   Data           2  user_mb_app.o(.data)
    usSCoilStart                             0x20000012   Data           2  user_mb_app.o(.data)
    usSRegInStart                            0x20000014   Data           2  user_mb_app.o(.data)
    usSRegHoldStart                          0x20000016   Data           2  user_mb_app.o(.data)
    usMDiscInStart                           0x20000018   Data           2  user_mb_app.o(.data)
    usMCoilStart                             0x2000001a   Data           2  user_mb_app.o(.data)
    usMRegInStart                            0x2000001c   Data           2  user_mb_app.o(.data)
    usMRegHoldStart                          0x2000001e   Data           2  user_mb_app.o(.data)
    Slave_ucSDiscInBuf                       0x20000020   Data           4  user_mb_app.o(.data)
    Slave_ucSCoilBuf                         0x20000024   Data           4  user_mb_app.o(.data)
    Slave_usSRegInBuf                        0x20000028   Data           4  user_mb_app.o(.data)
    Slave_usSRegHoldBuf                      0x2000002c   Data           4  user_mb_app.o(.data)
    ucSDiscInBuf                             0x20000030   Data           1  user_mb_app.o(.data)
    ucSCoilBuf                               0x20000031   Data           1  user_mb_app.o(.data)
    pxMBFrameCBByteReceived                  0x200000e8   Data           4  mb.o(.data)
    pxMBFrameCBTransmitterEmpty              0x200000ec   Data           4  mb.o(.data)
    pxMBPortCBTimerExpired                   0x200000f0   Data           4  mb.o(.data)
    pxMBFrameCBReceiveFSMCur                 0x200000f4   Data           4  mb.o(.data)
    pxMBFrameCBTransmitFSMCur                0x200000f8   Data           4  mb.o(.data)
    SystemCoreClock                          0x200000fc   Data           4  system_m051series.o(.data)
    CyclesPerUs                              0x20000100   Data           4  system_m051series.o(.data)
    PllClock                                 0x20000104   Data           4  system_m051series.o(.data)
    UartLen                                  0x20000108   Data           4  uart3th.o(.data)
    RecivEvent                               0x2000010c   Data           1  uart3th.o(.data)
    Time2handel                              0x2000010d   Data           1  uart3th.o(.data)
    time2cut                                 0x20000110   Data           4  uart3th.o(.data)
    Systick                                  0x20000114   Data           4  uart3th.o(.data)
    Co2SentTime                              0x20000118   Data           4  uart3th.o(.data)
    RfTime                                   0x20000124   Data           4  si4432.o(.data)
    TxSi4432Len                              0x20000128   Data           1  si4432.o(.data)
    RxSi4432Len                              0x20000129   Data           1  si4432.o(.data)
    RSSI                                     0x2000012a   Data           1  si4432.o(.data)
    g_u8EndFlag                              0x2000012c   Data           1  blux_v30b.o(.data)
    val32                                    0x20000134   Data           4  blux_v30b.o(.data)
    g_u8DeviceAddr                           0x20000138   Data           1  blux_v30b.o(.data)
    g_au8TxData                              0x20000139   Data           3  blux_v30b.o(.data)
    g_u8RxData                               0x2000013c   Data           1  blux_v30b.o(.data)
    g_u8DataLen                              0x2000013d   Data           1  blux_v30b.o(.data)
    BLUX_V3BTime                             0x20000140   Data           4  blux_v30b.o(.data)
    dis_data_0                               0x20000144   Data           4  blux_v30b.o(.data)
    FskSettings                              0x20000150   Data          28  sx1276-fsk.o(.data)
    SX1276                                   0x2000018c   Data           4  sx1276-fsk.o(.data)
    LoRaSettings                             0x200001a8   Data          28  sx1276-lora.o(.data)
    SX1276LR                                 0x200001d4   Data           4  sx1276-lora.o(.data)
    txstate                                  0x200001ec   Data           1  sx1276-lora.o(.data)
    rxstate                                  0x200001ed   Data           1  sx1276-lora.o(.data)
    Radio                                    0x200001f4   Data           4  loramain.o(.data)
    loraTime                                 0x200001f8   Data           4  loramain.o(.data)
    f                                        0x200001fc   Data           1  loramain.o(.data)
    TickCounter                              0x20000200   Data           4  sx12xxeiger.o(.data)
    usSRegInBuf                              0x20000204   Data          16  user_mb_app.o(.bss)
    usSRegHoldBuf                            0x20000214   Data          48  user_mb_app.o(.bss)
    ucMDiscInBuf                             0x20000244   Data          16  user_mb_app.o(.bss)
    ucMCoilBuf                               0x20000254   Data          16  user_mb_app.o(.bss)
    usMRegInBuf                              0x20000264   Data         256  user_mb_app.o(.bss)
    usMRegHoldBuf                            0x20000364   Data         256  user_mb_app.o(.bss)
    ucRTUBuf                                 0x20000464   Data         256  mbrtu.o(.bss)
    UartReciveBuf                            0x20000584   Data         128  uart3th.o(.bss)
    RX_Buf                                   0x20000604   Data          64  si4432.o(.bss)
    TX_Buf                                   0x20000644   Data          64  si4432.o(.bss)
    BUF_0                                    0x20000684   Data         129  blux_v30b.o(.bss)
    RadioDriver                              0x20000708   Data          24  radio.o(.bss)
    SX1276Regs                               0x20000720   Data         112  sx1276.o(.bss)
    __initial_sp                             0x20000ba0   Data           0  startup_m051series.o(STACK)



==============================================================================

Memory Map of the image

  Image Entry point : 0x000000d5

  Load Region LR_IROM1 (Base: 0x00000000, Size: 0x000057a4, Max: 0x00010000, ABSOLUTE, COMPRESSED[0x00005634])

    Execution Region ER_IROM1 (Base: 0x00000000, Size: 0x000055a0, Max: 0x00010000, ABSOLUTE)

    Base Addr    Size         Type   Attr      Idx    E Section Name        Object

    0x00000000   0x000000c0   Data   RO         1909    RESET               startup_m051series.o
    0x000000c0   0x00000000   Code   RO         3565  * .ARM.Collect$$$$00000000  entry.o(mc_p.l)
    0x000000c0   0x00000004   Code   RO         3620    .ARM.Collect$$$$00000001  entry2.o(mc_p.l)
    0x000000c4   0x00000004   Code   RO         3623    .ARM.Collect$$$$00000004  entry5.o(mc_p.l)
    0x000000c8   0x00000008   Code   RO         3624    .ARM.Collect$$$$00000007  entry7.o(mc_p.l)
    0x000000d0   0x00000004   Code   RO         3621    .ARM.Collect$$$$00002712  entry2.o(mc_p.l)
    0x000000d4   0x0000004c   Code   RO         1910  * .text               startup_m051series.o
    0x00000120   0x0000002c   Code   RO         3568    .text               uidiv.o(mc_p.l)
    0x0000014c   0x00000024   Code   RO         3570    .text               memcpya.o(mc_p.l)
    0x00000170   0x00000026   Code   RO         3572    .text               memseta.o(mc_p.l)
    0x00000196   0x00000002   PAD
    0x00000198   0x00000194   Code   RO         3581    .text               dadd.o(mf_p.l)
    0x0000032c   0x000000d4   Code   RO         3583    .text               dmul.o(mf_p.l)
    0x00000400   0x00000120   Code   RO         3585    .text               ddiv.o(mf_p.l)
    0x00000520   0x0000000e   Code   RO         3587    .text               ffltui.o(mf_p.l)
    0x0000052e   0x00000002   PAD
    0x00000530   0x00000028   Code   RO         3589    .text               dflti.o(mf_p.l)
    0x00000558   0x0000001c   Code   RO         3591    .text               dfltui.o(mf_p.l)
    0x00000574   0x0000002a   Code   RO         3593    .text               ffixui.o(mf_p.l)
    0x0000059e   0x00000002   PAD
    0x000005a0   0x00000050   Code   RO         3595    .text               dfixi.o(mf_p.l)
    0x000005f0   0x00000038   Code   RO         3597    .text               dfixui.o(mf_p.l)
    0x00000628   0x00000026   Code   RO         3599    .text               f2d.o(mf_p.l)
    0x0000064e   0x00000002   PAD
    0x00000650   0x0000004c   Code   RO         3601    .text               cdcmple.o(mf_p.l)
    0x0000069c   0x00000040   Code   RO         3603    .text               d2f.o(mf_p.l)
    0x000006dc   0x00000022   Code   RO         3625    .text               llshl.o(mc_p.l)
    0x000006fe   0x00000020   Code   RO         3627    .text               llushr.o(mc_p.l)
    0x0000071e   0x00000024   Code   RO         3629    .text               llsshr.o(mc_p.l)
    0x00000742   0x00000000   Code   RO         3638    .text               iusefp.o(mc_p.l)
    0x00000742   0x00000084   Code   RO         3639    .text               fepilogue.o(mf_p.l)
    0x000007c6   0x000000f6   Code   RO         3641    .text               depilogue.o(mf_p.l)
    0x000008bc   0x00000088   Code   RO         3647    .text               drnd.o(mf_p.l)
    0x00000944   0x0000004c   Code   RO         3649    .text               cdrcmple.o(mf_p.l)
    0x00000990   0x00000024   Code   RO         3651    .text               init.o(mc_p.l)
    0x000009b4   0x00000058   Code   RO         3663    .text               __dczerorl2.o(mc_p.l)
    0x00000a0c   0x0000000a   Code   RO         2317    i.B_LUX_Delay5us    blux_v30b.o
    0x00000a16   0x00000002   PAD
    0x00000a18   0x000000d8   Code   RO         2318    i.B_LUX_GetLux      blux_v30b.o
    0x00000af0   0x0000002c   Code   RO         2321    i.B_LUX_RecvACK     blux_v30b.o
    0x00000b1c   0x00000040   Code   RO         2322    i.B_LUX_RecvByte    blux_v30b.o
    0x00000b5c   0x00000038   Code   RO         2323    i.B_LUX_SendACK     blux_v30b.o
    0x00000b94   0x0000004c   Code   RO         2324    i.B_LUX_SendByte    blux_v30b.o
    0x00000be0   0x00000024   Code   RO         2326    i.B_LUX_Start       blux_v30b.o
    0x00000c04   0x0000002c   Code   RO         2327    i.B_LUX_Stop        blux_v30b.o
    0x00000c30   0x0000001a   Code   RO         2328    i.B_LUX_delay_nms   blux_v30b.o
    0x00000c4a   0x00000002   PAD
    0x00000c4c   0x00000040   Code   RO         2329    i.Blux_v3bPoll      blux_v30b.o
    0x00000c8c   0x00000002   Code   RO         3407    i.BoardInit         sx12xxeiger.o
    0x00000c8e   0x00000002   PAD
    0x00000c90   0x00000020   Code   RO          840    i.CLK_EnableModuleClock  clk.o
    0x00000cb0   0x0000007c   Code   RO         1752    i.CLK_GetPLLClockFreq  uart.o
    0x00000d2c   0x0000007c   Code   RO         1916    i.CLK_GetPLLClockFreq  system_m051series.o
    0x00000da8   0x0000005c   Code   RO          851    i.CLK_SetModuleClock  clk.o
    0x00000e04   0x00000024   Code   RO          853    i.CLK_WaitClockReady  clk.o
    0x00000e28   0x00000018   Code   RO         2165    i.Check_si4432_HW   si4432.o
    0x00000e40   0x0000007c   Code   RO         2022    i.Co2EventPoll      uart3th.o
    0x00000ebc   0x00000068   Code   RO         2023    i.Co2Init           uart3th.o
    0x00000f24   0x00000048   Code   RO         2024    i.Co2SendCmd        uart3th.o
    0x00000f6c   0x0000002c   Code   RO            3    i.DrvSYS_Delay      main.o
    0x00000f98   0x00000004   Code   RO          169    i.EnterCriticalSection  port.o
    0x00000f9c   0x00000004   Code   RO          170    i.ExitCriticalSection  port.o
    0x00000fa0   0x00000014   Code   RO          997    i.FMC_Close         fmc.o
    0x00000fb4   0x0000003c   Code   RO         2449    i.FMC_EraseData     fmc_data_flash.o
    0x00000ff0   0x00000014   Code   RO         1005    i.FMC_Open          fmc.o
    0x00001004   0x0000002c   Code   RO         2450    i.FMC_ReadData      fmc_data_flash.o
    0x00001030   0x0000002c   Code   RO         2451    i.FMC_WriteData     fmc_data_flash.o
    0x0000105c   0x0000002a   Code   RO         1099    i.GPIO_SetMode      gpio.o
    0x00001086   0x00000002   Code   RO         1955    i.HWRealyInit       realyctrl.o
    0x00001088   0x00000038   Code   RO         2331    i.I2C1_IRQHandler   blux_v30b.o
    0x000010c0   0x0000000a   Code   RO         1129    i.I2C_ClearTimeoutFlag  i2c.o
    0x000010ca   0x00000002   PAD
    0x000010cc   0x00000028   Code   RO         2334    i.InitBLUX_V30      blux_v30b.o
    0x000010f4   0x00000088   Code   RO         2452    i.InitSlaveAddr     fmc_data_flash.o
    0x0000117c   0x00000014   Code   RO          306    i.NVIC_EnableIRQ    porttimer.o
    0x00001190   0x00000014   Code   RO         2025    i.NVIC_EnableIRQ    uart3th.o
    0x000011a4   0x00000078   Code   RO          225    i.NVIC_SetPriority  portserial.o
    0x0000121c   0x00000078   Code   RO          307    i.NVIC_SetPriority  porttimer.o
    0x00001294   0x00000078   Code   RO         2026    i.NVIC_SetPriority  uart3th.o
    0x0000130c   0x00000050   Code   RO         2166    i.ProcesBoadcast    si4432.o
    0x0000135c   0x0000008c   Code   RO         2167    i.ProcesMyselfFun   si4432.o
    0x000013e8   0x00000018   Code   RO         2168    i.RE_RSSI           si4432.o
    0x00001400   0x0000003c   Code   RO         2517    i.RadioDriverInit   radio.o
    0x0000143c   0x0000005c   Code   RO         2169    i.SI4432_init       si4432.o
    0x00001498   0x00000064   Code   RO         2687    i.SX1276FskGetPacketPayloadSize  sx1276-fsk.o
    0x000014fc   0x00000028   Code   RO         2691    i.SX1276FskGetRxPacket  sx1276-fsk.o
    0x00001524   0x0000067c   Code   RO         2693    i.SX1276FskProcess  sx1276-fsk.o
    0x00001ba0   0x0000005c   Code   RO         2694    i.SX1276FskReadAfc  sx1276-fsk.o
    0x00001bfc   0x00000050   Code   RO         2696    i.SX1276FskReadRssi  sx1276-fsk.o
    0x00001c4c   0x0000001c   Code   RO         2697    i.SX1276FskReadRxGain  sx1276-fsk.o
    0x00001c68   0x00000064   Code   RO         2699    i.SX1276FskSetOpMode  sx1276-fsk.o
    0x00001ccc   0x0000000c   Code   RO         2700    i.SX1276FskSetRFState  sx1276-fsk.o
    0x00001cd8   0x00000028   Code   RO         2701    i.SX1276FskSetTxPacket  sx1276-fsk.o
    0x00001d00   0x00000028   Code   RO         2556    i.SX1276GetRxPacket  sx1276.o
    0x00001d28   0x00000038   Code   RO         2557    i.SX1276Init        sx1276.o
    0x00001d60   0x0000002c   Code   RO         3439    i.SX1276InitIo      sx1276-hal.o
    0x00001d8c   0x00000028   Code   RO         3008    i.SX1276LoRaGetRxPacket  sx1276-lora.o
    0x00001db4   0x000000cc   Code   RO         3009    i.SX1276LoRaInit    sx1276-lora.o
    0x00001e80   0x00000694   Code   RO         3010    i.SX1276LoRaProcess  sx1276-lora.o
    0x00002514   0x0000001c   Code   RO         3012    i.SX1276LoRaReadRxGain  sx1276-lora.o
    0x00002530   0x00000014   Code   RO         3014    i.SX1276LoRaSetDefaults  sx1276-lora.o
    0x00002544   0x00000040   Code   RO         3136    i.SX1276LoRaSetErrorCoding  sx1276-loramisc.o
    0x00002584   0x0000003c   Code   RO         3139    i.SX1276LoRaSetImplicitHeaderOn  sx1276-loramisc.o
    0x000025c0   0x0000003c   Code   RO         3140    i.SX1276LoRaSetLowDatarateOptimize  sx1276-loramisc.o
    0x000025fc   0x0000003c   Code   RO         3141    i.SX1276LoRaSetNbTrigPeaks  sx1276-loramisc.o
    0x00002638   0x00000064   Code   RO         3015    i.SX1276LoRaSetOpMode  sx1276-lora.o
    0x0000269c   0x00000034   Code   RO         3142    i.SX1276LoRaSetPAOutput  sx1276-loramisc.o
    0x000026d0   0x00000058   Code   RO         3143    i.SX1276LoRaSetPa20dBm  sx1276-loramisc.o
    0x00002728   0x00000040   Code   RO         3145    i.SX1276LoRaSetPacketCrcOn  sx1276-loramisc.o
    0x00002768   0x00000028   Code   RO         3146    i.SX1276LoRaSetPayloadLength  sx1276-loramisc.o
    0x00002790   0x00000060   Code   RO         3148    i.SX1276LoRaSetRFFrequency  sx1276-loramisc.o
    0x000027f0   0x000000fc   Code   RO         3149    i.SX1276LoRaSetRFPower  sx1276-loramisc.o
    0x000028ec   0x0000000c   Code   RO         3016    i.SX1276LoRaSetRFState  sx1276-lora.o
    0x000028f8   0x00000040   Code   RO         3152    i.SX1276LoRaSetSignalBandwidth  sx1276-loramisc.o
    0x00002938   0x00000060   Code   RO         3153    i.SX1276LoRaSetSpreadingFactor  sx1276-loramisc.o
    0x00002998   0x00000044   Code   RO         3154    i.SX1276LoRaSetSymbTimeout  sx1276-loramisc.o
    0x000029dc   0x00000028   Code   RO         3017    i.SX1276LoRaSetTxPacket  sx1276-lora.o
    0x00002a04   0x0000001c   Code   RO         2558    i.SX1276Process     sx1276.o
    0x00002a20   0x00000012   Code   RO         3440    i.SX1276Read        sx1276-hal.o
    0x00002a32   0x00000002   PAD
    0x00002a34   0x00000044   Code   RO         3441    i.SX1276ReadBuffer  sx1276-hal.o
    0x00002a78   0x00000002   Code   RO         3442    i.SX1276ReadDio0    sx1276-hal.o
    0x00002a7a   0x00000002   Code   RO         3443    i.SX1276ReadDio1    sx1276-hal.o
    0x00002a7c   0x00000002   Code   RO         3444    i.SX1276ReadDio2    sx1276-hal.o
    0x00002a7e   0x00000002   Code   RO         3445    i.SX1276ReadDio3    sx1276-hal.o
    0x00002a80   0x00000002   Code   RO         3446    i.SX1276ReadDio4    sx1276-hal.o
    0x00002a82   0x00000012   Code   RO         3448    i.SX1276ReadFifo    sx1276-hal.o
    0x00002a94   0x00000010   Code   RO         2561    i.SX1276Reset       sx1276.o
    0x00002aa4   0x000000b4   Code   RO         2562    i.SX1276SetLoRaOn   sx1276.o
    0x00002b58   0x00000002   Code   RO         3449    i.SX1276SetReset    sx1276-hal.o
    0x00002b5a   0x00000002   PAD
    0x00002b5c   0x00000028   Code   RO         2565    i.SX1276SetTxPacket  sx1276.o
    0x00002b84   0x00000020   Code   RO         2566    i.SX1276StartRx     sx1276.o
    0x00002ba4   0x00000010   Code   RO         3450    i.SX1276Write       sx1276-hal.o
    0x00002bb4   0x00000044   Code   RO         3451    i.SX1276WriteBuffer  sx1276-hal.o
    0x00002bf8   0x00000012   Code   RO         3452    i.SX1276WriteFifo   sx1276-hal.o
    0x00002c0a   0x00000002   Code   RO         3453    i.SX1276WriteRxTx   sx1276-hal.o
    0x00002c0c   0x0000006c   Code   RO            4    i.SYS_Init          main.o
    0x00002c78   0x00000012   Code   RO         1622    i.SYS_ResetCPU      sys.o
    0x00002c8a   0x00000002   PAD
    0x00002c8c   0x00000030   Code   RO         1624    i.SYS_ResetModule   sys.o
    0x00002cbc   0x00000020   Code   RO         2453    i.SYS_UnlockReg     fmc_data_flash.o
    0x00002cdc   0x0000005c   Code   RO         2454    i.SaveUserSlaveAddr  fmc_data_flash.o
    0x00002d38   0x00000060   Code   RO         2455    i.SaveUserSlaveRfChl  fmc_data_flash.o
    0x00002d98   0x00000358   Code   RO         2170    i.Si4432RegisterSetV26  si4432.o
    0x000030f0   0x000000a0   Code   RO         2171    i.Si4432Thread      si4432.o
    0x00003190   0x00000080   Code   RO         2456    i.SlaveAddrPoll     fmc_data_flash.o
    0x00003210   0x00000054   Code   RO         3454    i.SpiInOut          sx1276-hal.o
    0x00003264   0x00000064   Code   RO         1917    i.SystemCoreClockUpdate  system_m051series.o
    0x000032c8   0x00000002   Code   RO         1918    i.SystemInit        system_m051series.o
    0x000032ca   0x0000000c   Code   RO          308    i.TIMER_EnableInt   porttimer.o
    0x000032d6   0x00000002   PAD
    0x000032d8   0x00000084   Code   RO         1695    i.TIMER_GetModuleClock  timer.o
    0x0000335c   0x00000074   Code   RO         1696    i.TIMER_Open        timer.o
    0x000033d0   0x0000000c   Code   RO          309    i.TIMER_Start       porttimer.o
    0x000033dc   0x0000005c   Code   RO          310    i.TMR1_IRQHandler   porttimer.o
    0x00003438   0x00000084   Code   RO         2027    i.TMR2_IRQHandler   uart3th.o
    0x000034bc   0x0000002c   Code   RO          226    i.UART0_IRQHandler  portserial.o
    0x000034e8   0x0000003c   Code   RO         2028    i.UART1_IRQHandler  uart3th.o
    0x00003524   0x00000094   Code   RO         1761    i.UART_Open         uart.o
    0x000035b8   0x00000032   Code   RO         1768    i.UART_Write        uart.o
    0x000035ea   0x0000002e   Code   RO         3643    i.__ARM_clz         depilogue.o(mf_p.l)
    0x00003618   0x0000001a   Code   RO          745    i.__ARM_common_switch8  mb.o
    0x00003632   0x0000000e   Code   RO         3657    i.__scatterload_copy  handlers.o(mc_p.l)
    0x00003640   0x00000002   Code   RO         3658    i.__scatterload_null  handlers.o(mc_p.l)
    0x00003642   0x0000000e   Code   RO         3659    i.__scatterload_zeroinit  handlers.o(mc_p.l)
    0x00003650   0x00000014   Code   RO         2172    i.clr_interruput_si4432  si4432.o
    0x00003664   0x0000002c   Code   RO          422    i.crc_ccitt         mbcrc.o
    0x00003690   0x00000094   Code   RO          534    i.eBTFuncReadHoldingRegister  btfunc.o
    0x00003724   0x00000028   Code   RO          705    i.eMBEnable         mb.o
    0x0000374c   0x000000be   Code   RO          552    i.eMBFuncReadCoils  mbfunccoils.o
    0x0000380a   0x000000bc   Code   RO          579    i.eMBFuncReadDiscreteInputs  mbfuncdisc.o
    0x000038c6   0x0000008c   Code   RO          591    i.eMBFuncReadHoldingRegister  mbfuncholding.o
    0x00003952   0x0000008c   Code   RO          621    i.eMBFuncReadInputRegister  mbfuncinput.o
    0x000039de   0x000000ea   Code   RO          592    i.eMBFuncReadWriteMultipleHoldingRegister  mbfuncholding.o
    0x00003ac8   0x00000028   Code   RO          635    i.eMBFuncReportSlaveID  mbfuncother.o
    0x00003af0   0x00000070   Code   RO          553    i.eMBFuncWriteCoil  mbfunccoils.o
    0x00003b60   0x00000040   Code   RO          593    i.eMBFuncWriteHoldingRegister  mbfuncholding.o
    0x00003ba0   0x00000098   Code   RO          554    i.eMBFuncWriteMultipleCoils  mbfunccoils.o
    0x00003c38   0x0000006c   Code   RO          594    i.eMBFuncWriteMultipleHoldingRegister  mbfuncholding.o
    0x00003ca4   0x000000cc   Code   RO          706    i.eMBInit           mb.o
    0x00003d70   0x00000210   Code   RO          707    i.eMBPoll           mb.o
    0x00003f80   0x00000054   Code   RO          444    i.eMBRTUInit        mbrtu.o
    0x00003fd4   0x0000006c   Code   RO          445    i.eMBRTUReceive     mbrtu.o
    0x00004040   0x00000088   Code   RO          446    i.eMBRTUSend        mbrtu.o
    0x000040c8   0x00000024   Code   RO          447    i.eMBRTUStart       mbrtu.o
    0x000040ec   0x00000018   Code   RO          448    i.eMBRTUStop        mbrtu.o
    0x00004104   0x0000015c   Code   RO          373    i.eMBRegCoilsCB     user_mb_app.o
    0x00004260   0x00000150   Code   RO          374    i.eMBRegDiscreteCB  user_mb_app.o
    0x000043b0   0x000000c0   Code   RO          375    i.eMBRegHoldingCB   user_mb_app.o
    0x00004470   0x000000a8   Code   RO          376    i.eMBRegInputCB     user_mb_app.o
    0x00004518   0x00000060   Code   RO         2173    i.initsi4432        si4432.o
    0x00004578   0x00000024   Code   RO         3367    i.loraInit          loramain.o
    0x0000459c   0x000000f0   Code   RO         3368    i.loramain          loramain.o
    0x0000468c   0x0000008c   Code   RO            6    i.main              main.o
    0x00004718   0x000000e0   Code   RO          449    i.peBTFrameSendCur  mbrtu.o
    0x000047f8   0x00000024   Code   RO          664    i.prveMBError2Exception  mbutils.o
    0x0000481c   0x00000010   Code   RO          311    i.prvvTIMERExpiredISR  porttimer.o
    0x0000482c   0x00000010   Code   RO          227    i.prvvUARTRxISR     portserial.o
    0x0000483c   0x00000010   Code   RO          228    i.prvvUARTTxReadyISR  portserial.o
    0x0000484c   0x00000004   PAD
    0x00004850   0x000000a8   Code   RO         3563    i.round             round.o(m_ps.l)
    0x000048f8   0x0000005e   Code   RO         2174    i.rx_data           si4432.o
    0x00004956   0x00000002   PAD
    0x00004958   0x00000070   Code   RO         2175    i.save_rec_data     si4432.o
    0x000049c8   0x00000048   Code   RO         2176    i.spi_byte          si4432.o
    0x00004a10   0x0000008c   Code   RO         2177    i.spi_rw            si4432.o
    0x00004a9c   0x00000108   Code   RO         2178    i.tx_data           si4432.o
    0x00004ba4   0x00000004   Code   RO          377    i.ucMBMasterGetDestAddress  user_mb_app.o
    0x00004ba8   0x00000034   Code   RO          423    i.usMBCRC16         mbcrc.o
    0x00004bdc   0x00000044   Code   RO          230    i.vMBPortSerialEnable  portserial.o
    0x00004c20   0x0000002c   Code   RO          312    i.vMBPortTimersDisable  porttimer.o
    0x00004c4c   0x00000030   Code   RO          313    i.vMBPortTimersEnable  porttimer.o
    0x00004c7c   0x00000010   Code   RO         2029    i.x3THPortSerialGetByte  uart3th.o
    0x00004c8c   0x0000005c   Code   RO         2030    i.x3THPortSerialInit  uart3th.o
    0x00004ce8   0x00000014   Code   RO         2032    i.x3THPortTimersDisable  uart3th.o
    0x00004cfc   0x00000018   Code   RO         2033    i.x3THPortTimersEnable  uart3th.o
    0x00004d14   0x00000058   Code   RO         2034    i.x3THPortTimersInit  uart3th.o
    0x00004d6c   0x00000004   Code   RO          378    i.xMBMasterGetCBRunInMasterMode  user_mb_app.o
    0x00004d70   0x00000024   Code   RO          190    i.xMBPortEventGet   portevent.o
    0x00004d94   0x00000010   Code   RO          191    i.xMBPortEventInit  portevent.o
    0x00004da4   0x00000014   Code   RO          192    i.xMBPortEventPost  portevent.o
    0x00004db8   0x00000010   Code   RO          231    i.xMBPortSerialGetByte  portserial.o
    0x00004dc8   0x00000068   Code   RO          232    i.xMBPortSerialInit  portserial.o
    0x00004e30   0x00000010   Code   RO          233    i.xMBPortSerialPutByte  portserial.o
    0x00004e40   0x00000040   Code   RO          314    i.xMBPortTimersInit  porttimer.o
    0x00004e80   0x00000090   Code   RO          450    i.xMBRTUReceiveFSM  mbrtu.o
    0x00004f10   0x00000044   Code   RO          451    i.xMBRTUTimerT35Expired  mbrtu.o
    0x00004f54   0x00000070   Code   RO          452    i.xMBRTUTransmitFSM  mbrtu.o
    0x00004fc4   0x0000002e   Code   RO          665    i.xMBUtilGetBits    mbutils.o
    0x00004ff2   0x00000050   Code   RO          666    i.xMBUtilSetBits    mbutils.o
    0x00005042   0x00000400   Data   RO          424    .constdata          mbcrc.o
    0x00005442   0x00000002   PAD
    0x00005444   0x00000020   Data   RO         1697    .constdata          timer.o
    0x00005464   0x00000030   Data   RO         1769    .constdata          uart.o
    0x00005494   0x00000020   Data   RO         1919    .constdata          system_m051series.o
    0x000054b4   0x000000cc   Data   RO         3020    .constdata          sx1276-lora.o
    0x00005580   0x00000020   Data   RO         3655    Region$$Table       anon$$obj.o


    Execution Region RW_IRAM1 (Base: 0x20000000, Size: 0x00000ba0, Max: 0x00001000, ABSOLUTE, COMPRESSED[0x00000094])

    Base Addr    Size         Type   Attr      Idx    E Section Name        Object

    0x20000000   0x00000001   Data   RW            7    .data               main.o
    0x20000001   0x00000002   Data   RW          193    .data               portevent.o
    0x20000003   0x00000001   PAD
    0x20000004   0x0000000a   Data   RW          315    .data               porttimer.o
    0x2000000e   0x00000002   PAD
    0x20000010   0x00000022   Data   RW          380    .data               user_mb_app.o
    0x20000032   0x00000002   PAD
    0x20000034   0x0000000c   Data   RW          454    .data               mbrtu.o
    0x20000040   0x00000002   Data   RW          638    .data               mbfuncother.o
    0x20000042   0x00000002   PAD
    0x20000044   0x000000b8   Data   RW          709    .data               mb.o
    0x200000fc   0x0000000c   Data   RW         1920    .data               system_m051series.o
    0x20000108   0x0000001a   Data   RW         2036    .data               uart3th.o
    0x20000122   0x00000002   PAD
    0x20000124   0x00000007   Data   RW         2180    .data               si4432.o
    0x2000012b   0x00000001   PAD
    0x2000012c   0x0000001c   Data   RW         2336    .data               blux_v30b.o
    0x20000148   0x00000004   Data   RW         2457    .data               fmc_data_flash.o
    0x2000014c   0x00000002   Data   RW         2568    .data               sx1276.o
    0x2000014e   0x00000002   PAD
    0x20000150   0x00000054   Data   RW         2704    .data               sx1276-fsk.o
    0x200001a4   0x00000004   PAD
    0x200001a8   0x00000046   Data   RW         3021    .data               sx1276-lora.o
    0x200001ee   0x00000002   PAD
    0x200001f0   0x0000000d   Data   RW         3371    .data               loramain.o
    0x200001fd   0x00000003   PAD
    0x20000200   0x00000004   Data   RW         3410    .data               sx12xxeiger.o
    0x20000204   0x00000260   Zero   RW          379    .bss                user_mb_app.o
    0x20000464   0x00000100   Zero   RW          453    .bss                mbrtu.o
    0x20000564   0x00000020   Zero   RW          637    .bss                mbfuncother.o
    0x20000584   0x00000080   Zero   RW         2035    .bss                uart3th.o
    0x20000604   0x00000080   Zero   RW         2179    .bss                si4432.o
    0x20000684   0x00000081   Zero   RW         2335    .bss                blux_v30b.o
    0x20000705   0x00000003   PAD
    0x20000708   0x00000018   Zero   RW         2518    .bss                radio.o
    0x20000720   0x00000070   Zero   RW         2567    .bss                sx1276.o
    0x20000790   0x00000100   Zero   RW         2703    .bss                sx1276-fsk.o
    0x20000890   0x00000100   Zero   RW         3019    .bss                sx1276-lora.o
    0x20000990   0x00000009   Zero   RW         3369    .bss                loramain.o
    0x20000999   0x00000007   PAD
    0x200009a0   0x00000200   Zero   RW         1907    STACK               startup_m051series.o


==============================================================================

Image component sizes


      Code (inc. data)   RO Data    RW Data    ZI Data      Debug   Object Name

       732         80          0         28        129       7651   blux_v30b.o
       148          0          0          0          0       1553   btfunc.o
       160         16          0          0          0       7998   clk.o
        40         12          0          0          0        883   fmc.o
       632         60          0          4          0      16088   fmc_data_flash.o
        42          0          0          0          0        991   gpio.o
        10          0          0          0          0        859   i2c.o
       276         40          0         13          9       2403   loramain.o
       292         34          0          1          0      71155   main.o
       798         66          0        184          0       4907   mb.o
        96         12       1024          0          0       1968   mbcrc.o
       454          0          0          0          0       3954   mbfunccoils.o
       188          0          0          0          0       1708   mbfuncdisc.o
       546          0          0          0          0       5183   mbfuncholding.o
       140          0          0          0          0       1623   mbfuncinput.o
        40         10          0          2         32       1551   mbfuncother.o
       936         58          0         12        256       7406   mbrtu.o
       162          0          0          0          0       2782   mbutils.o
         8          0          0          0          0       1809   port.o
        72         16          0          2          0       4806   portevent.o
       400         60          0          0          0      61231   portserial.o
       428         82          0         10          0       7568   porttimer.o
        60         30          0          0         24       2156   radio.o
         2          0          0          0          0        426   realyctrl.o
      2174        116          0          7        128      10169   si4432.o
        76         32        192          0        512        504   startup_m051series.o
      2152        144          0         84        256      35606   sx1276-fsk.o
       348         22          0          0          0      10511   sx1276-hal.o
      2128        162        204         70        256      22220   sx1276-lora.o
      1064        102          0          0          0       8591   sx1276-loramisc.o
       392         54          0          2        112       5234   sx1276.o
         2          0          0          4          0       1374   sx12xxeiger.o
        66          4          0          0          0        957   sys.o
       226         42         32         12          0       2675   system_m051series.o
       248         22         32          0          0       1916   timer.o
       322         34         48          0          0       2613   uart.o
       872        186          0         26        128      15960   uart3th.o
      1052         68          0         34        608       7768   user_mb_app.o

    ----------------------------------------------------------------------
     17806       1568       1566        516       2460     344757   Object Totals
         0          0         32          0          0          0   (incl. Generated)
        22          4          2         21         10          3   (incl. Padding)

    ----------------------------------------------------------------------

      Code (inc. data)   RO Data    RW Data    ZI Data      Debug   Library Member Name

        88          0          0          0          0          0   __dczerorl2.o
        76          0          0          0          0         68   cdcmple.o
        76          0          0          0          0         68   cdrcmple.o
        64          0          0          0          0         72   d2f.o
       404          4          0          0          0        144   dadd.o
       288          6          0          0          0         88   ddiv.o
       292          0          0          0          0        184   depilogue.o
        80          6          0          0          0         72   dfixi.o
        56          6          0          0          0         68   dfixui.o
        40          6          0          0          0         68   dflti.o
        28          4          0          0          0         68   dfltui.o
       212          6          0          0          0         88   dmul.o
       136         10          0          0          0         80   drnd.o
         0          0          0          0          0          0   entry.o
         8          4          0          0          0          0   entry2.o
         4          0          0          0          0          0   entry5.o
         8          4          0          0          0          0   entry7.o
        38          0          0          0          0         60   f2d.o
       132          0          0          0          0        140   fepilogue.o
        42          0          0          0          0         60   ffixui.o
        14          0          0          0          0         68   ffltui.o
        30          0          0          0          0          0   handlers.o
        36          8          0          0          0         68   init.o
         0          0          0          0          0          0   iusefp.o
        34          0          0          0          0         68   llshl.o
        36          0          0          0          0         68   llsshr.o
        32          0          0          0          0         68   llushr.o
        36          0          0          0          0         60   memcpya.o
        38          0          0          0          0        100   memseta.o
       168         26          0          0          0         80   round.o
        44          0          0          0          0         68   uidiv.o

    ----------------------------------------------------------------------
      2548         90          0          0          0       1976   Library Totals
         8          0          0          0          0          0   (incl. Padding)

    ----------------------------------------------------------------------

      Code (inc. data)   RO Data    RW Data    ZI Data      Debug   Library Name

       168         26          0          0          0         80   m_ps.l
       394         16          0          0          0        500   mc_p.l
      1978         48          0          0          0       1396   mf_p.l

    ----------------------------------------------------------------------
      2548         90          0          0          0       1976   Library Totals

    ----------------------------------------------------------------------

==============================================================================


      Code (inc. data)   RO Data    RW Data    ZI Data      Debug   

     20354       1658       1566        516       2460     338396   Grand Totals
     20354       1658       1566        148       2460     338396   ELF Image Totals (compressed)
     20354       1658       1566        148          0          0   ROM Totals

==============================================================================

    Total RO  Size (Code + RO Data)                21920 (  21.41kB)
    Total RW  Size (RW Data + ZI Data)              2976 (   2.91kB)
    Total ROM Size (Code + RO Data + RW Data)      22068 (  21.55kB)

==============================================================================

